Component: ARM Compiler 5.06 update 5 (build 528) Tool: armlink [4d35e2]

==============================================================================

Section Cross References

    main.o(i.Samplingtimer) refers to stm32f10x_rcc.o(i.RCC_APB1PeriphClockCmd) for RCC_APB1PeriphClockCmd
    main.o(i.Samplingtimer) refers to stm32f10x_tim.o(i.TIM_TimeBaseStructInit) for TIM_TimeBaseStructInit
    main.o(i.Samplingtimer) refers to stm32f10x_tim.o(i.TIM_TimeBaseInit) for TIM_TimeBaseInit
    main.o(i.Samplingtimer) refers to stm32f10x_tim.o(i.TIM_Cmd) for TIM_Cmd
    main.o(i.Samplingtimer) refers to stm32f10x_tim.o(i.TIM_ITConfig) for TIM_ITConfig
    main.o(i.Samplingtimer) refers to misc.o(i.NVIC_Init) for NVIC_Init
    main.o(i.Samplingtimer) refers to system_stm32f10x.o(.data) for SystemCoreClock
    main.o(i.TIM2_IRQHandler) refers to stm32f10x_tim.o(i.TIM_GetITStatus) for TIM_GetITStatus
    main.o(i.TIM2_IRQHandler) refers to stm32f10x_tim.o(i.TIM_ClearITPendingBit) for TIM_ClearITPendingBit
    main.o(i.TIM2_IRQHandler) refers to main.o(.data) for i
    main.o(i.TIM3_IRQHandler) refers to stm32f10x_tim.o(i.TIM_GetITStatus) for TIM_GetITStatus
    main.o(i.TIM3_IRQHandler) refers to stm32f10x_tim.o(i.TIM_ClearITPendingBit) for TIM_ClearITPendingBit
    main.o(i.TIM3_IRQHandler) refers to stm32f10x_adc.o(i.ADC_SoftwareStartConvCmd) for ADC_SoftwareStartConvCmd
    main.o(i.TIM3_IRQHandler) refers to stm32f10x_adc.o(i.ADC_GetConversionValue) for ADC_GetConversionValue
    main.o(i.TIM3_IRQHandler) refers to main.o(.bss) for b
    main.o(i.TIM3_IRQHandler) refers to main.o(.data) for i
    main.o(i.TIM4_IRQHandler) refers to stm32f10x_tim.o(i.TIM_GetITStatus) for TIM_GetITStatus
    main.o(i.TIM4_IRQHandler) refers to stm32f10x_tim.o(i.TIM_ClearITPendingBit) for TIM_ClearITPendingBit
    main.o(i.TIM4_IRQHandler) refers to sd_spi_stm32.o(i.disk_timerproc) for disk_timerproc
    main.o(i.adc) refers to stm32f10x_rcc.o(i.RCC_APB2PeriphClockCmd) for RCC_APB2PeriphClockCmd
    main.o(i.adc) refers to stm32f10x_gpio.o(i.GPIO_StructInit) for GPIO_StructInit
    main.o(i.adc) refers to stm32f10x_gpio.o(i.GPIO_Init) for GPIO_Init
    main.o(i.adc) refers to stm32f10x_adc.o(i.ADC_StructInit) for ADC_StructInit
    main.o(i.adc) refers to stm32f10x_adc.o(i.ADC_Init) for ADC_Init
    main.o(i.adc) refers to stm32f10x_adc.o(i.ADC_RegularChannelConfig) for ADC_RegularChannelConfig
    main.o(i.adc) refers to stm32f10x_adc.o(i.ADC_Cmd) for ADC_Cmd
    main.o(i.adc) refers to stm32f10x_adc.o(i.ADC_ResetCalibration) for ADC_ResetCalibration
    main.o(i.adc) refers to stm32f10x_adc.o(i.ADC_GetResetCalibrationStatus) for ADC_GetResetCalibrationStatus
    main.o(i.adc) refers to stm32f10x_adc.o(i.ADC_StartCalibration) for ADC_StartCalibration
    main.o(i.adc) refers to stm32f10x_adc.o(i.ADC_GetCalibrationStatus) for ADC_GetCalibrationStatus
    main.o(i.itoa) refers to main.o(i.strrev) for strrev
    main.o(i.itoa) refers to main.o(.data) for table
    main.o(i.main) refers to main.o(i.timer) for timer
    main.o(i.main) refers to stm32f10x_tim.o(i.TIM_SetCompare2) for TIM_SetCompare2
    main.o(i.main) refers to gpio_driver.o(i.Gpio_Init) for Gpio_Init
    main.o(i.main) refers to ff.o(i.f_mount) for f_mount
    main.o(i.main) refers to ff.o(i.f_open) for f_open
    main.o(i.main) refers to ff.o(i.f_read) for f_read
    main.o(i.main) refers to main.o(i.pwmtimer) for pwmtimer
    main.o(i.main) refers to ff.o(i.f_close) for f_close
    main.o(i.main) refers to gpio_driver.o(i.Gpio_BitSet) for Gpio_BitSet
    main.o(i.main) refers to stm32f10x_tim.o(i.TIM_Cmd) for TIM_Cmd
    main.o(i.main) refers to main.o(.bss) for fs
    main.o(i.main) refers to main.o(.data) for fr
    main.o(i.pwmtimer) refers to stm32f10x_rcc.o(i.RCC_APB2PeriphClockCmd) for RCC_APB2PeriphClockCmd
    main.o(i.pwmtimer) refers to stm32f10x_gpio.o(i.GPIO_StructInit) for GPIO_StructInit
    main.o(i.pwmtimer) refers to stm32f10x_gpio.o(i.GPIO_Init) for GPIO_Init
    main.o(i.pwmtimer) refers to stm32f10x_rcc.o(i.RCC_APB1PeriphClockCmd) for RCC_APB1PeriphClockCmd
    main.o(i.pwmtimer) refers to stm32f10x_tim.o(i.TIM_TimeBaseStructInit) for TIM_TimeBaseStructInit
    main.o(i.pwmtimer) refers to stm32f10x_tim.o(i.TIM_TimeBaseInit) for TIM_TimeBaseInit
    main.o(i.pwmtimer) refers to stm32f10x_tim.o(i.TIM_OCStructInit) for TIM_OCStructInit
    main.o(i.pwmtimer) refers to stm32f10x_tim.o(i.TIM_OC2Init) for TIM_OC2Init
    main.o(i.pwmtimer) refers to stm32f10x_tim.o(i.TIM_Cmd) for TIM_Cmd
    main.o(i.pwmtimer) refers to stm32f10x_tim.o(i.TIM_SetCompare2) for TIM_SetCompare2
    main.o(i.pwmtimer) refers to stm32f10x_tim.o(i.TIM_ITConfig) for TIM_ITConfig
    main.o(i.pwmtimer) refers to misc.o(i.NVIC_Init) for NVIC_Init
    main.o(i.pwmtimer) refers to system_stm32f10x.o(.data) for SystemCoreClock
    main.o(i.strrev) refers to strlen.o(.text) for strlen
    main.o(i.timer) refers to stm32f10x_rcc.o(i.RCC_APB1PeriphClockCmd) for RCC_APB1PeriphClockCmd
[...]
    defsig_rtmem_inner.o(.text) refers to defsig_general.o(.text) for __default_signal_display
    __raise.o(.text) refers to defsig.o(CL$$defsig) for __default_signal_handler
    defsig_general.o(.text) refers to sys_wrch.o(.text) for _ttywrch
    sys_wrch.o(.text) refers (Special) to use_no_semi.o(.text) for __I$use$semihosting
    sys_wrch.o(.text) refers (Special) to indicate_semi.o(.text) for __semihosting_library_function
    defsig.o(CL$$defsig) refers to defsig_rtmem_inner.o(.text) for __rt_SIGRTMEM_inner
    defsig_abrt_inner.o(.text) refers to defsig_general.o(.text) for __default_signal_display
    defsig_fpe_inner.o(.text) refers to defsig_general.o(.text) for __default_signal_display
    defsig_rtred_inner.o(.text) refers to defsig_general.o(.text) for __default_signal_display
    defsig_stak_inner.o(.text) refers to defsig_general.o(.text) for __default_signal_display
    defsig_pvfn_inner.o(.text) refers to defsig_general.o(.text) for __default_signal_display
    defsig_cppl_inner.o(.text) refers to defsig_general.o(.text) for __default_signal_display
    defsig_segv_inner.o(.text) refers to defsig_general.o(.text) for __default_signal_display
    defsig_other.o(.text) refers to defsig_general.o(.text) for __default_signal_display


==============================================================================

Removing Unused input sections from the image.

    Removing main.o(.rev16_text), (4 bytes).
    Removing main.o(.revsh_text), (4 bytes).
    Removing main.o(.rrx_text), (6 bytes).
    Removing main.o(i.Samplingtimer), (100 bytes).
    Removing main.o(i.adc), (156 bytes).
    Removing main.o(i.itoa), (96 bytes).
    Removing main.o(i.strrev), (42 bytes).
    Removing gpio_driver.o(.rev16_text), (4 bytes).
    Removing gpio_driver.o(.revsh_text), (4 bytes).
    Removing gpio_driver.o(.rrx_text), (6 bytes).
    Removing gpio_driver.o(i.GpioInterruptClear), (20 bytes).
    Removing gpio_driver.o(i.GpioInterruptConfigure), (80 bytes).
    Removing gpio_driver.o(i.GpioInterruptEnable), (52 bytes).
    Removing gpio_driver.o(i.Gpio_BitReset), (12 bytes).
    Removing gpio_driver.o(i.Gpio_Read), (12 bytes).
    Removing gpio_driver.o(i.Toggle_Gpio), (36 bytes).
    Removing ff.o(i.dir_read), (116 bytes).
    Removing ff.o(i.dir_remove), (32 bytes).
    Removing ff.o(i.f_closedir), (24 bytes).
    Removing ff.o(i.f_getfree), (246 bytes).
    Removing ff.o(i.f_lseek), (388 bytes).
    Removing ff.o(i.f_mkdir), (270 bytes).
    Removing ff.o(i.f_opendir), (108 bytes).
    Removing ff.o(i.f_readdir), (78 bytes).
    Removing ff.o(i.f_rename), (282 bytes).
    Removing ff.o(i.f_stat), (62 bytes).
    Removing ff.o(i.f_truncate), (178 bytes).
    Removing ff.o(i.f_unlink), (170 bytes).
    Removing ff.o(i.f_write), (478 bytes).
    Removing ff.o(i.get_fileinfo), (142 bytes).
    Removing xprintf.o(i.put_dump), (196 bytes).
    Removing xprintf.o(i.xatoi), (196 bytes).
    Removing xprintf.o(i.xfgets), (40 bytes).
    Removing xprintf.o(i.xfprintf), (44 bytes).
    Removing xprintf.o(i.xfputs), (40 bytes).
    Removing xprintf.o(i.xgets), (112 bytes).
    Removing xprintf.o(i.xprintf), (26 bytes).
    Removing xprintf.o(i.xputc), (64 bytes).
    Removing xprintf.o(i.xputs), (22 bytes).
    Removing xprintf.o(i.xsprintf), (48 bytes).
    Removing xprintf.o(i.xvprintf), (530 bytes).
    Removing xprintf.o(.data), (12 bytes).
    Removing sd_spi_stm32.o(.rev16_text), (4 bytes).
    Removing sd_spi_stm32.o(.revsh_text), (4 bytes).
    Removing sd_spi_stm32.o(.rrx_text), (6 bytes).
    Removing spi_driver.o(.rev16_text), (4 bytes).
    Removing spi_driver.o(.revsh_text), (4 bytes).
    Removing spi_driver.o(.rrx_text), (6 bytes).
    Removing spi_driver.o(i.Spi_Baudrate), (8 bytes).
    Removing spi_driver.o(i.Spi_DataSize_Direction), (42 bytes).
    Removing spi_driver.o(i.Spi_Disable), (10 bytes).
    Removing spi_driver.o(i.Spi_DisableRxeInterrupt), (36 bytes).
    Removing spi_driver.o(i.Spi_DisableTxeInterrupt), (32 bytes).
    Removing spi_driver.o(i.Spi_Enable), (10 bytes).
    Removing spi_driver.o(i.Spi_EnableRxeInterrupt), (10 bytes).
    Removing spi_driver.o(i.Spi_EnableTxeInterrupt), (10 bytes).
    Removing spi_driver.o(i.Spi_Initialize), (68 bytes).
    Removing spi_driver.o(i.Spi_Interrupt_Handler), (68 bytes).
    Removing spi_driver.o(i.Spi_MasterRx), (52 bytes).
    Removing spi_driver.o(i.Spi_MasterTx), (40 bytes).
    Removing spi_driver.o(i.Spi_Mode), (26 bytes).
    Removing spi_driver.o(i.Spi_Phase_Polarity), (42 bytes).
    Removing spi_driver.o(i.Spi_RxInterrupt_Handler), (66 bytes).
    Removing spi_driver.o(i.Spi_SlaveRx), (34 bytes).
    Removing spi_driver.o(i.Spi_SlaveSelect_Master), (30 bytes).
    Removing spi_driver.o(i.Spi_SlaveSelect_Slave), (22 bytes).
    Removing spi_driver.o(i.Spi_SlaveTx), (46 bytes).
    Removing spi_driver.o(i.Spi_TxInterrupt_Handler), (80 bytes).
    Removing spi_driver.o(i.spi_is_bus_busy), (18 bytes).
    Removing spi_driver.o(.data), (2 bytes).
    Removing misc.o(.rev16_text), (4 bytes).
    Removing misc.o(.revsh_text), (4 bytes).
    Removing misc.o(.rrx_text), (6 bytes).
    Removing misc.o(i.NVIC_PriorityGroupConfig), (20 bytes).
    Removing misc.o(i.NVIC_SetVectorTable), (20 bytes).
    Removing misc.o(i.NVIC_SystemLPConfig), (32 bytes).
    Removing misc.o(i.SysTick_CLKSourceConfig), (40 bytes).
    Removing stm32f10x_adc.o(.rev16_text), (4 bytes).
    Removing stm32f10x_adc.o(.revsh_text), (4 bytes).
    Removing stm32f10x_adc.o(.rrx_text), (6 bytes).
    Removing stm32f10x_adc.o(i.ADC_AnalogWatchdogCmd), (20 bytes).
    Removing stm32f10x_adc.o(i.ADC_AnalogWatchdogSingleChannelConfig), (16 bytes).
    Removing stm32f10x_adc.o(i.ADC_AnalogWatchdogThresholdsConfig), (6 bytes).
    Removing stm32f10x_adc.o(i.ADC_AutoInjectedConvCmd), (22 bytes).
    Removing stm32f10x_adc.o(i.ADC_ClearFlag), (6 bytes).
    Removing stm32f10x_adc.o(i.ADC_ClearITPendingBit), (10 bytes).
    Removing stm32f10x_adc.o(i.ADC_Cmd), (22 bytes).
    Removing stm32f10x_adc.o(i.ADC_DMACmd), (22 bytes).
    Removing stm32f10x_adc.o(i.ADC_DeInit), (92 bytes).
    Removing stm32f10x_adc.o(i.ADC_DiscModeChannelCountConfig), (24 bytes).
    Removing stm32f10x_adc.o(i.ADC_DiscModeCmd), (22 bytes).
    Removing stm32f10x_adc.o(i.ADC_ExternalTrigConvCmd), (22 bytes).
    Removing stm32f10x_adc.o(i.ADC_ExternalTrigInjectedConvCmd), (22 bytes).
    Removing stm32f10x_adc.o(i.ADC_ExternalTrigInjectedConvConfig), (16 bytes).
    Removing stm32f10x_adc.o(i.ADC_GetCalibrationStatus), (20 bytes).
    Removing stm32f10x_adc.o(i.ADC_GetDualModeConversionValue), (12 bytes).
    Removing stm32f10x_adc.o(i.ADC_GetFlagStatus), (18 bytes).
    Removing stm32f10x_adc.o(i.ADC_GetITStatus), (36 bytes).
    Removing stm32f10x_adc.o(i.ADC_GetInjectedConversionValue), (28 bytes).
    Removing stm32f10x_adc.o(i.ADC_GetResetCalibrationStatus), (20 bytes).
    Removing stm32f10x_adc.o(i.ADC_GetSoftwareStartConvStatus), (20 bytes).
    Removing stm32f10x_adc.o(i.ADC_GetSoftwareStartInjectedConvCmdStatus), (20 bytes).
    Removing stm32f10x_adc.o(i.ADC_ITConfig), (24 bytes).
    Removing stm32f10x_adc.o(i.ADC_Init), (80 bytes).
    Removing stm32f10x_adc.o(i.ADC_InjectedChannelConfig), (130 bytes).
    Removing stm32f10x_adc.o(i.ADC_InjectedDiscModeCmd), (22 bytes).
    Removing stm32f10x_adc.o(i.ADC_InjectedSequencerLengthConfig), (24 bytes).
    Removing stm32f10x_adc.o(i.ADC_RegularChannelConfig), (184 bytes).
    Removing stm32f10x_adc.o(i.ADC_ResetCalibration), (10 bytes).
    Removing stm32f10x_adc.o(i.ADC_SetInjectedOffset), (20 bytes).
    Removing stm32f10x_adc.o(i.ADC_SoftwareStartInjectedConvCmd), (22 bytes).
    Removing stm32f10x_adc.o(i.ADC_StartCalibration), (10 bytes).
    Removing stm32f10x_adc.o(i.ADC_StructInit), (18 bytes).
    Removing stm32f10x_adc.o(i.ADC_TempSensorVrefintCmd), (36 bytes).
    Removing stm32f10x_gpio.o(.rev16_text), (4 bytes).
    Removing stm32f10x_gpio.o(.revsh_text), (4 bytes).
    Removing stm32f10x_gpio.o(.rrx_text), (6 bytes).
    Removing stm32f10x_gpio.o(i.GPIO_AFIODeInit), (20 bytes).
    Removing stm32f10x_gpio.o(i.GPIO_DeInit), (200 bytes).
    Removing stm32f10x_gpio.o(i.GPIO_ETH_MediaInterfaceConfig), (12 bytes).
    Removing stm32f10x_gpio.o(i.GPIO_EXTILineConfig), (64 bytes).
    Removing stm32f10x_gpio.o(i.GPIO_EventOutputCmd), (12 bytes).
    Removing stm32f10x_gpio.o(i.GPIO_EventOutputConfig), (32 bytes).
    Removing stm32f10x_gpio.o(i.GPIO_PinLockConfig), (18 bytes).
    Removing stm32f10x_gpio.o(i.GPIO_PinRemapConfig), (144 bytes).
    Removing stm32f10x_gpio.o(i.GPIO_ReadInputData), (8 bytes).
    Removing stm32f10x_gpio.o(i.GPIO_ReadInputDataBit), (18 bytes).
    Removing stm32f10x_gpio.o(i.GPIO_ReadOutputData), (8 bytes).
    Removing stm32f10x_gpio.o(i.GPIO_Write), (4 bytes).
    Removing stm32f10x_gpio.o(i.GPIO_WriteBit), (10 bytes).
    Removing stm32f10x_rcc.o(.rev16_text), (4 bytes).
    Removing stm32f10x_rcc.o(.revsh_text), (4 bytes).
    Removing stm32f10x_rcc.o(.rrx_text), (6 bytes).
    Removing stm32f10x_rcc.o(i.RCC_ADCCLKConfig), (24 bytes).
    Removing stm32f10x_rcc.o(i.RCC_AHBPeriphClockCmd), (32 bytes).
    Removing stm32f10x_rcc.o(i.RCC_AdjustHSICalibrationValue), (24 bytes).
    Removing stm32f10x_rcc.o(i.RCC_BackupResetCmd), (12 bytes).
    Removing stm32f10x_rcc.o(i.RCC_ClearFlag), (20 bytes).
    Removing stm32f10x_rcc.o(i.RCC_ClearITPendingBit), (12 bytes).
    Removing stm32f10x_rcc.o(i.RCC_ClockSecuritySystemCmd), (12 bytes).
    Removing stm32f10x_rcc.o(i.RCC_DeInit), (76 bytes).
    Removing stm32f10x_rcc.o(i.RCC_GetClocksFreq), (212 bytes).
    Removing stm32f10x_rcc.o(i.RCC_GetFlagStatus), (60 bytes).
    Removing stm32f10x_rcc.o(i.RCC_GetITStatus), (24 bytes).
    Removing stm32f10x_rcc.o(i.RCC_GetSYSCLKSource), (16 bytes).
    Removing stm32f10x_rcc.o(i.RCC_HCLKConfig), (24 bytes).
    Removing stm32f10x_rcc.o(i.RCC_HSEConfig), (76 bytes).
    Removing stm32f10x_rcc.o(i.RCC_HSICmd), (12 bytes).
    Removing stm32f10x_rcc.o(i.RCC_ITConfig), (32 bytes).
    Removing stm32f10x_rcc.o(i.RCC_LSEConfig), (52 bytes).
    Removing stm32f10x_rcc.o(i.RCC_LSICmd), (12 bytes).
    Removing stm32f10x_rcc.o(i.RCC_MCOConfig), (12 bytes).
    Removing stm32f10x_rcc.o(i.RCC_PCLK1Config), (24 bytes).
    Removing stm32f10x_rcc.o(i.RCC_PCLK2Config), (24 bytes).
    Removing stm32f10x_rcc.o(i.RCC_PLLCmd), (12 bytes).
    Removing stm32f10x_rcc.o(i.RCC_PLLConfig), (28 bytes).
    Removing stm32f10x_rcc.o(i.RCC_RTCCLKCmd), (12 bytes).
    Removing stm32f10x_rcc.o(i.RCC_RTCCLKConfig), (16 bytes).
    Removing stm32f10x_rcc.o(i.RCC_SYSCLKConfig), (24 bytes).
    Removing stm32f10x_rcc.o(i.RCC_USBCLKConfig), (12 bytes).
    Removing stm32f10x_rcc.o(i.RCC_WaitForHSEStartUp), (56 bytes).
    Removing stm32f10x_rcc.o(.data), (20 bytes).
    Removing stm32f10x_spi.o(.rev16_text), (4 bytes).
    Removing stm32f10x_spi.o(.revsh_text), (4 bytes).
    Removing stm32f10x_spi.o(.rrx_text), (6 bytes).
    Removing stm32f10x_spi.o(i.I2S_Cmd), (24 bytes).
    Removing stm32f10x_spi.o(i.I2S_Init), (232 bytes).
    Removing stm32f10x_spi.o(i.I2S_StructInit), (20 bytes).
    Removing stm32f10x_spi.o(i.SPI_BiDirectionalLineConfig), (28 bytes).
    Removing stm32f10x_spi.o(i.SPI_DataSizeConfig), (18 bytes).
    Removing stm32f10x_spi.o(i.SPI_GetCRC), (16 bytes).
    Removing stm32f10x_spi.o(i.SPI_GetCRCPolynomial), (6 bytes).
    Removing stm32f10x_spi.o(i.SPI_I2S_ClearFlag), (6 bytes).
    Removing stm32f10x_spi.o(i.SPI_I2S_ClearITPendingBit), (20 bytes).
    Removing stm32f10x_spi.o(i.SPI_I2S_DMACmd), (18 bytes).
    Removing stm32f10x_spi.o(i.SPI_I2S_GetITStatus), (52 bytes).
    Removing stm32f10x_spi.o(i.SPI_I2S_ITConfig), (32 bytes).
    Removing stm32f10x_spi.o(i.SPI_NSSInternalSoftwareConfig), (30 bytes).
    Removing stm32f10x_spi.o(i.SPI_SSOutputCmd), (24 bytes).
    Removing stm32f10x_spi.o(i.SPI_StructInit), (24 bytes).
    Removing stm32f10x_spi.o(i.SPI_TransmitCRC), (10 bytes).
    Removing stm32f10x_tim.o(.rev16_text), (4 bytes).
    Removing stm32f10x_tim.o(.revsh_text), (4 bytes).
    Removing stm32f10x_tim.o(.rrx_text), (6 bytes).
    Removing stm32f10x_tim.o(i.TI1_Config), (128 bytes).
    Removing stm32f10x_tim.o(i.TI2_Config), (152 bytes).
    Removing stm32f10x_tim.o(i.TI3_Config), (144 bytes).
    Removing stm32f10x_tim.o(i.TI4_Config), (152 bytes).
    Removing stm32f10x_tim.o(i.TIM_ARRPreloadConfig), (24 bytes).
    Removing stm32f10x_tim.o(i.TIM_BDTRConfig), (32 bytes).
    Removing stm32f10x_tim.o(i.TIM_BDTRStructInit), (18 bytes).
    Removing stm32f10x_tim.o(i.TIM_CCPreloadControl), (24 bytes).
    Removing stm32f10x_tim.o(i.TIM_CCxCmd), (30 bytes).
    Removing stm32f10x_tim.o(i.TIM_CCxNCmd), (30 bytes).
    Removing stm32f10x_tim.o(i.TIM_ClearFlag), (6 bytes).
    Removing stm32f10x_tim.o(i.TIM_ClearOC1Ref), (18 bytes).
    Removing stm32f10x_tim.o(i.TIM_ClearOC2Ref), (24 bytes).
    Removing stm32f10x_tim.o(i.TIM_ClearOC3Ref), (18 bytes).
    Removing stm32f10x_tim.o(i.TIM_ClearOC4Ref), (24 bytes).
    Removing stm32f10x_tim.o(i.TIM_CounterModeConfig), (18 bytes).
    Removing stm32f10x_tim.o(i.TIM_CtrlPWMOutputs), (30 bytes).
    Removing stm32f10x_tim.o(i.TIM_DMACmd), (18 bytes).
    Removing stm32f10x_tim.o(i.TIM_DMAConfig), (10 bytes).
    Removing stm32f10x_tim.o(i.TIM_DeInit), (488 bytes).
    Removing stm32f10x_tim.o(i.TIM_ETRClockMode1Config), (54 bytes).
    Removing stm32f10x_tim.o(i.TIM_ETRClockMode2Config), (32 bytes).
    Removing stm32f10x_tim.o(i.TIM_ETRConfig), (28 bytes).
    Removing stm32f10x_tim.o(i.TIM_EncoderInterfaceConfig), (66 bytes).
    Removing stm32f10x_tim.o(i.TIM_ForcedOC1Config), (18 bytes).
    Removing stm32f10x_tim.o(i.TIM_ForcedOC2Config), (26 bytes).
    Removing stm32f10x_tim.o(i.TIM_ForcedOC3Config), (18 bytes).
    Removing stm32f10x_tim.o(i.TIM_ForcedOC4Config), (26 bytes).
    Removing stm32f10x_tim.o(i.TIM_GenerateEvent), (4 bytes).
    Removing stm32f10x_tim.o(i.TIM_GetCapture1), (6 bytes).
    Removing stm32f10x_tim.o(i.TIM_GetCapture2), (6 bytes).
    Removing stm32f10x_tim.o(i.TIM_GetCapture3), (6 bytes).
    Removing stm32f10x_tim.o(i.TIM_GetCapture4), (8 bytes).
    Removing stm32f10x_tim.o(i.TIM_GetCounter), (6 bytes).
    Removing stm32f10x_tim.o(i.TIM_GetFlagStatus), (18 bytes).
    Removing stm32f10x_tim.o(i.TIM_GetPrescaler), (6 bytes).
    Removing stm32f10x_tim.o(i.TIM_ICInit), (172 bytes).
    Removing stm32f10x_tim.o(i.TIM_ICStructInit), (18 bytes).
    Removing stm32f10x_tim.o(i.TIM_ITRxExternalClockConfig), (24 bytes).
    Removing stm32f10x_tim.o(i.TIM_InternalClockConfig), (12 bytes).
    Removing stm32f10x_tim.o(i.TIM_OC1FastConfig), (18 bytes).
    Removing stm32f10x_tim.o(i.TIM_OC1Init), (152 bytes).
    Removing stm32f10x_tim.o(i.TIM_OC1NPolarityConfig), (18 bytes).
    Removing stm32f10x_tim.o(i.TIM_OC1PolarityConfig), (18 bytes).
    Removing stm32f10x_tim.o(i.TIM_OC1PreloadConfig), (18 bytes).
    Removing stm32f10x_tim.o(i.TIM_OC2FastConfig), (26 bytes).
    Removing stm32f10x_tim.o(i.TIM_OC2NPolarityConfig), (26 bytes).
    Removing stm32f10x_tim.o(i.TIM_OC2PolarityConfig), (26 bytes).
    Removing stm32f10x_tim.o(i.TIM_OC2PreloadConfig), (26 bytes).
    Removing stm32f10x_tim.o(i.TIM_OC3FastConfig), (18 bytes).
    Removing stm32f10x_tim.o(i.TIM_OC3Init), (160 bytes).
    Removing stm32f10x_tim.o(i.TIM_OC3NPolarityConfig), (26 bytes).
    Removing stm32f10x_tim.o(i.TIM_OC3PolarityConfig), (26 bytes).
    Removing stm32f10x_tim.o(i.TIM_OC3PreloadConfig), (18 bytes).
    Removing stm32f10x_tim.o(i.TIM_OC4FastConfig), (26 bytes).
    Removing stm32f10x_tim.o(i.TIM_OC4Init), (124 bytes).
    Removing stm32f10x_tim.o(i.TIM_OC4PolarityConfig), (26 bytes).
    Removing stm32f10x_tim.o(i.TIM_OC4PreloadConfig), (26 bytes).
    Removing stm32f10x_tim.o(i.TIM_PWMIConfig), (124 bytes).
    Removing stm32f10x_tim.o(i.TIM_PrescalerConfig), (6 bytes).
    Removing stm32f10x_tim.o(i.TIM_SelectCCDMA), (24 bytes).
    Removing stm32f10x_tim.o(i.TIM_SelectCOM), (24 bytes).
    Removing stm32f10x_tim.o(i.TIM_SelectHallSensor), (24 bytes).
    Removing stm32f10x_tim.o(i.TIM_SelectInputTrigger), (18 bytes).
    Removing stm32f10x_tim.o(i.TIM_SelectMasterSlaveMode), (18 bytes).
    Removing stm32f10x_tim.o(i.TIM_SelectOCxM), (82 bytes).
    Removing stm32f10x_tim.o(i.TIM_SelectOnePulseMode), (18 bytes).
    Removing stm32f10x_tim.o(i.TIM_SelectOutputTrigger), (18 bytes).
    Removing stm32f10x_tim.o(i.TIM_SelectSlaveMode), (18 bytes).
    Removing stm32f10x_tim.o(i.TIM_SetAutoreload), (4 bytes).
    Removing stm32f10x_tim.o(i.TIM_SetClockDivision), (18 bytes).
    Removing stm32f10x_tim.o(i.TIM_SetCompare1), (4 bytes).
    Removing stm32f10x_tim.o(i.TIM_SetCompare3), (4 bytes).
    Removing stm32f10x_tim.o(i.TIM_SetCompare4), (6 bytes).
    Removing stm32f10x_tim.o(i.TIM_SetCounter), (4 bytes).
    Removing stm32f10x_tim.o(i.TIM_SetIC1Prescaler), (18 bytes).
    Removing stm32f10x_tim.o(i.TIM_SetIC2Prescaler), (26 bytes).
    Removing stm32f10x_tim.o(i.TIM_SetIC3Prescaler), (18 bytes).
    Removing stm32f10x_tim.o(i.TIM_SetIC4Prescaler), (26 bytes).
    Removing stm32f10x_tim.o(i.TIM_TIxExternalClockConfig), (62 bytes).
    Removing stm32f10x_tim.o(i.TIM_UpdateDisableConfig), (24 bytes).
    Removing stm32f10x_tim.o(i.TIM_UpdateRequestConfig), (24 bytes).
    Removing system_stm32f10x.o(.rev16_text), (4 bytes).
    Removing system_stm32f10x.o(.revsh_text), (4 bytes).
    Removing system_stm32f10x.o(.rrx_text), (6 bytes).
    Removing system_stm32f10x.o(i.SystemCoreClockUpdate), (164 bytes).

270 unused section(s) (total 12182 bytes) removed from the image.

==============================================================================

Image Symbol Table

    Local Symbols

    Symbol Name                              Value     Ov Type        Size  Object(Section)

    ../clib/angel/boardlib.s                 0x00000000   Number         0  boardshut.o ABSOLUTE
    ../clib/angel/boardlib.s                 0x00000000   Number         0  boardinit1.o ABSOLUTE
    ../clib/angel/boardlib.s                 0x00000000   Number         0  boardinit2.o ABSOLUTE
    ../clib/angel/boardlib.s                 0x00000000   Number         0  boardinit3.o ABSOLUTE
    ../clib/angel/handlers.s                 0x00000000   Number         0  __scatter_zi.o ABSOLUTE
    ../clib/angel/handlers.s                 0x00000000   Number         0  __scatter_copy.o ABSOLUTE
    ../clib/angel/kernel.s                   0x00000000   Number         0  __rtentry.o ABSOLUTE
    ../clib/angel/kernel.s                   0x00000000   Number         0  __rtentry2.o ABSOLUTE
    ../clib/angel/kernel.s                   0x00000000   Number         0  __rtentry4.o ABSOLUTE
    ../clib/angel/kernel.s                   0x00000000   Number         0  rtexit2.o ABSOLUTE
    ../clib/angel/kernel.s                   0x00000000   Number         0  rtexit.o ABSOLUTE
    ../clib/angel/rt.s                       0x00000000   Number         0  rt_raise.o ABSOLUTE
    ../clib/angel/scatter.s                  0x00000000   Number         0  __scatter.o ABSOLUTE
    ../clib/angel/startup.s                  0x00000000   Number         0  __main.o ABSOLUTE
    ../clib/angel/sys.s                      0x00000000   Number         0  sys_stackheap_outer.o ABSOLUTE
    ../clib/angel/sys.s                      0x00000000   Number         0  use_no_semi.o ABSOLUTE
    ../clib/angel/sys.s                      0x00000000   Number         0  indicate_semi.o ABSOLUTE
    ../clib/angel/sys.s                      0x00000000   Number         0  libspace.o ABSOLUTE
    ../clib/angel/sysapp.c                   0x00000000   Number         0  sys_exit.o ABSOLUTE
    ../clib/angel/sysapp.c                   0x00000000   Number         0  sys_command.o ABSOLUTE
    ../clib/angel/sysapp.c                   0x00000000   Number         0  sys_wrch.o ABSOLUTE
    ../clib/armsys.c                         0x00000000   Number         0  argv_veneer.o ABSOLUTE
    ../clib/armsys.c                         0x00000000   Number         0  argv_veneer.o ABSOLUTE
    ../clib/armsys.c                         0x00000000   Number         0  _get_argv_nomalloc.o ABSOLUTE
    ../clib/armsys.c                         0x00000000   Number         0  no_argv.o ABSOLUTE
    ../clib/heapalloc.c                      0x00000000   Number         0  hrguard.o ABSOLUTE
    ../clib/heapaux.c                        0x00000000   Number         0  heapauxi.o ABSOLUTE
    ../clib/libinit.s                        0x00000000   Number         0  libinit.o ABSOLUTE
    ../clib/libinit.s                        0x00000000   Number         0  libshutdown.o ABSOLUTE
    ../clib/libinit.s                        0x00000000   Number         0  libshutdown2.o ABSOLUTE
    ../clib/libinit.s                        0x00000000   Number         0  libinit2.o ABSOLUTE
    ../clib/signal.c                         0x00000000   Number         0  defsig_other.o ABSOLUTE
    ../clib/signal.c                         0x00000000   Number         0  defsig_segv_inner.o ABSOLUTE
    ../clib/signal.c                         0x00000000   Number         0  defsig_cppl_inner.o ABSOLUTE
    ../clib/signal.c                         0x00000000   Number         0  defsig_pvfn_inner.o ABSOLUTE
    ../clib/signal.c                         0x00000000   Number         0  defsig_stak_inner.o ABSOLUTE
    ../clib/signal.c                         0x00000000   Number         0  defsig_rtred_inner.o ABSOLUTE
    ../clib/signal.c                         0x00000000   Number         0  defsig_general.o ABSOLUTE
    ../clib/signal.c                         0x00000000   Number         0  __raise.o ABSOLUTE
    ../clib/signal.c                         0x00000000   Number         0  defsig_rtmem_inner.o ABSOLUTE
    ../clib/signal.c                         0x00000000   Number         0  defsig_exit.o ABSOLUTE
    ../clib/signal.c                         0x00000000   Number         0  defsig_abrt_inner.o ABSOLUTE
    ../clib/signal.c                         0x00000000   Number         0  defsig_rtmem_formal.o ABSOLUTE
    ../clib/signal.c                         0x00000000   Number         0  defsig_rtmem_outer.o ABSOLUTE
    ../clib/signal.c                         0x00000000   Number         0  defsig_fpe_inner.o ABSOLUTE
    ../clib/signal.s                         0x00000000   Number         0  defsig.o ABSOLUTE
    ../clib/stdlib.c                         0x00000000   Number         0  exit.o ABSOLUTE
    ../clib/string.c                         0x00000000   Number         0  strlen.o ABSOLUTE
    ../fplib/fpinit.s                        0x00000000   Number         0  fpinit.o ABSOLUTE
    ..\Fatfs\ff.c                            0x00000000   Number         0  ff.o ABSOLUTE
    ..\Fatfs\ffsystem.c                      0x00000000   Number         0  ffsystem.o ABSOLUTE
    ..\Fatfs\ffunicode.c                     0x00000000   Number         0  ffunicode.o ABSOLUTE
    ..\Fatfs\xprintf.c                       0x00000000   Number         0  xprintf.o ABSOLUTE
    C:\Keil_v5\ARM\PACK\Keil\STM32F1xx_DFP\2.2.0\Device\StdPeriph_Driver\src\misc.c 0x00000000   Number         0  misc.o ABSOLUTE
    C:\Keil_v5\ARM\PACK\Keil\STM32F1xx_DFP\2.2.0\Device\StdPeriph_Driver\src\stm32f10x_adc.c 0x00000000   Number         0  stm32f10x_adc.o ABSOLUTE
    C:\Keil_v5\ARM\PACK\Keil\STM32F1xx_DFP\2.2.0\Device\StdPeriph_Driver\src\stm32f10x_gpio.c 0x00000000   Number         0  stm32f10x_gpio.o ABSOLUTE
    C:\Keil_v5\ARM\PACK\Keil\STM32F1xx_DFP\2.2.0\Device\StdPeriph_Driver\src\stm32f10x_rcc.c 0x00000000   Number         0  stm32f10x_rcc.o ABSOLUTE
    C:\Keil_v5\ARM\PACK\Keil\STM32F1xx_DFP\2.2.0\Device\StdPeriph_Driver\src\stm32f10x_spi.c 0x00000000   Number         0  stm32f10x_spi.o ABSOLUTE
    C:\Keil_v5\ARM\PACK\Keil\STM32F1xx_DFP\2.2.0\Device\StdPeriph_Driver\src\stm32f10x_tim.c 0x00000000   Number         0  stm32f10x_tim.o ABSOLUTE
    C:\\Keil_v5\\ARM\\PACK\\Keil\\STM32F1xx_DFP\\2.2.0\\Device\\StdPeriph_Driver\\src\\misc.c 0x00000000   Number         0  misc.o ABSOLUTE
    C:\\Keil_v5\\ARM\\PACK\\Keil\\STM32F1xx_DFP\\2.2.0\\Device\\StdPeriph_Driver\\src\\stm32f10x_adc.c 0x00000000   Number         0  stm32f10x_adc.o ABSOLUTE
    C:\\Keil_v5\\ARM\\PACK\\Keil\\STM32F1xx_DFP\\2.2.0\\Device\\StdPeriph_Driver\\src\\stm32f10x_gpio.c 0x00000000   Number         0  stm32f10x_gpio.o ABSOLUTE
    C:\\Keil_v5\\ARM\\PACK\\Keil\\STM32F1xx_DFP\\2.2.0\\Device\\StdPeriph_Driver\\src\\stm32f10x_rcc.c 0x00000000   Number         0  stm32f10x_rcc.o ABSOLUTE
    C:\\Keil_v5\\ARM\\PACK\\Keil\\STM32F1xx_DFP\\2.2.0\\Device\\StdPeriph_Driver\\src\\stm32f10x_spi.c 0x00000000   Number         0  stm32f10x_spi.o ABSOLUTE
    C:\\Keil_v5\\ARM\\PACK\\Keil\\STM32F1xx_DFP\\2.2.0\\Device\\StdPeriph_Driver\\src\\stm32f10x_tim.c 0x00000000   Number         0  stm32f10x_tim.o ABSOLUTE
    RTE\Device\STM32F103C8\startup_stm32f10x_md.s 0x00000000   Number         0  startup_stm32f10x_md.o ABSOLUTE
    RTE\Device\STM32F103C8\system_stm32f10x.c 0x00000000   Number         0  system_stm32f10x.o ABSOLUTE
    RTE\\Device\\STM32F103C8\\system_stm32f10x.c 0x00000000   Number         0  system_stm32f10x.o ABSOLUTE
    Spi_Driver.c                             0x00000000   Number         0  spi_driver.o ABSOLUTE
    Spi_Driver.c                             0x00000000   Number         0  spi_driver.o ABSOLUTE
    dc.s                                     0x00000000   Number         0  dc.o ABSOLUTE
    gpio_driver.c                            0x00000000   Number         0  gpio_driver.o ABSOLUTE
    gpio_driver.c                            0x00000000   Number         0  gpio_driver.o ABSOLUTE
    main.c                                   0x00000000   Number         0  main.o ABSOLUTE
    main.c                                   0x00000000   Number         0  main.o ABSOLUTE
    sd_spi_stm32.c                           0x00000000   Number         0  sd_spi_stm32.o ABSOLUTE
    sd_spi_stm32.c                           0x00000000   Number         0  sd_spi_stm32.o ABSOLUTE
    RESET                                    0x08000000   Section      236  startup_stm32f10x_md.o(RESET)
    !!!main                                  0x080000ec   Section        8  __main.o(!!!main)
    !!!scatter                               0x080000f4   Section       52  __scatter.o(!!!scatter)
    !!handler_copy                           0x08000128   Section       26  __scatter_copy.o(!!handler_copy)
    !!handler_zi                             0x08000144   Section       28  __scatter_zi.o(!!handler_zi)
    .ARM.Collect$$libinit$$00000000          0x08000160   Section        2  libinit.o(.ARM.Collect$$libinit$$00000000)
    .ARM.Collect$$libinit$$00000002          0x08000162   Section        0  libinit2.o(.ARM.Collect$$libinit$$00000002)
    .ARM.Collect$$libinit$$00000004          0x08000162   Section        0  libinit2.o(.ARM.Collect$$libinit$$00000004)
    .ARM.Collect$$libinit$$0000000A          0x08000162   Section        0  libinit2.o(.ARM.Collect$$libinit$$0000000A)
    .ARM.Collect$$libinit$$0000000C          0x08000162   Section        0  libinit2.o(.ARM.Collect$$libinit$$0000000C)
    .ARM.Collect$$libinit$$0000000E          0x08000162   Section        0  libinit2.o(.ARM.Collect$$libinit$$0000000E)
    .ARM.Collect$$libinit$$00000011          0x08000162   Section        0  libinit2.o(.ARM.Collect$$libinit$$00000011)
    .ARM.Collect$$libinit$$00000013          0x08000162   Section        0  libinit2.o(.ARM.Collect$$libinit$$00000013)
    .ARM.Collect$$libinit$$00000015          0x08000162   Section        0  libinit2.o(.ARM.Collect$$libinit$$00000015)
    .ARM.Collect$$libinit$$00000017          0x08000162   Section        0  libinit2.o(.ARM.Collect$$libinit$$00000017)
    .ARM.Collect$$libinit$$00000019          0x08000162   Section        0  libinit2.o(.ARM.Collect$$libinit$$00000019)
    .ARM.Collect$$libinit$$0000001B          0x08000162   Section        0  libinit2.o(.ARM.Collect$$libinit$$0000001B)
    .ARM.Collect$$libinit$$0000001D          0x08000162   Section        0  libinit2.o(.ARM.Collect$$libinit$$0000001D)
    .ARM.Collect$$libinit$$0000001F          0x08000162   Section        0  libinit2.o(.ARM.Collect$$libinit$$0000001F)
    .ARM.Collect$$libinit$$00000021          0x08000162   Section        0  libinit2.o(.ARM.Collect$$libinit$$00000021)
    .ARM.Collect$$libinit$$00000023          0x08000162   Section        0  libinit2.o(.ARM.Collect$$libinit$$00000023)
    .ARM.Collect$$libinit$$00000025          0x08000162   Section        0  libinit2.o(.ARM.Collect$$libinit$$00000025)
    .ARM.Collect$$libinit$$0000002C          0x08000162   Section        0  libinit2.o(.ARM.Collect$$libinit$$0000002C)
    .ARM.Collect$$libinit$$0000002E          0x08000162   Section        0  libinit2.o(.ARM.Collect$$libinit$$0000002E)
    .ARM.Collect$$libinit$$00000030          0x08000162   Section        0  libinit2.o(.ARM.Collect$$libinit$$00000030)
    .ARM.Collect$$libinit$$00000032          0x08000162   Section        0  libinit2.o(.ARM.Collect$$libinit$$00000032)
    .ARM.Collect$$libinit$$00000033          0x08000162   Section        2  libinit2.o(.ARM.Collect$$libinit$$00000033)
    .ARM.Collect$$libshutdown$$00000000      0x08000164   Section        2  libshutdown.o(.ARM.Collect$$libshutdown$$00000000)
    .ARM.Collect$$libshutdown$$00000002      0x08000166   Section        0  libshutdown2.o(.ARM.Collect$$libshutdown$$00000002)
    .ARM.Collect$$libshutdown$$00000004      0x08000166   Section        0  libshutdown2.o(.ARM.Collect$$libshutdown$$00000004)
    .ARM.Collect$$libshutdown$$00000007      0x08000166   Section        0  libshutdown2.o(.ARM.Collect$$libshutdown$$00000007)
    .ARM.Collect$$libshutdown$$0000000A      0x08000166   Section        0  libshutdown2.o(.ARM.Collect$$libshutdown$$0000000A)
    .ARM.Collect$$libshutdown$$0000000C      0x08000166   Section        0  libshutdown2.o(.ARM.Collect$$libshutdown$$0000000C)
    .ARM.Collect$$libshutdown$$0000000F      0x08000166   Section        0  libshutdown2.o(.ARM.Collect$$libshutdown$$0000000F)
    .ARM.Collect$$libshutdown$$00000010      0x08000166   Section        2  libshutdown2.o(.ARM.Collect$$libshutdown$$00000010)
    .ARM.Collect$$rtentry$$00000000          0x08000168   Section        0  __rtentry.o(.ARM.Collect$$rtentry$$00000000)
    .ARM.Collect$$rtentry$$00000002          0x08000168   Section        0  __rtentry2.o(.ARM.Collect$$rtentry$$00000002)
    .ARM.Collect$$rtentry$$00000004          0x08000168   Section        6  __rtentry4.o(.ARM.Collect$$rtentry$$00000004)
    .ARM.Collect$$rtentry$$00000009          0x0800016e   Section        0  __rtentry2.o(.ARM.Collect$$rtentry$$00000009)
    .ARM.Collect$$rtentry$$0000000A          0x0800016e   Section        4  __rtentry2.o(.ARM.Collect$$rtentry$$0000000A)
    .ARM.Collect$$rtentry$$0000000C          0x08000172   Section        0  __rtentry2.o(.ARM.Collect$$rtentry$$0000000C)
    .ARM.Collect$$rtentry$$0000000D          0x08000172   Section        8  __rtentry2.o(.ARM.Collect$$rtentry$$0000000D)
    .ARM.Collect$$rtexit$$00000000           0x0800017a   Section        2  rtexit.o(.ARM.Collect$$rtexit$$00000000)
    .ARM.Collect$$rtexit$$00000002           0x0800017c   Section        0  rtexit2.o(.ARM.Collect$$rtexit$$00000002)
    .ARM.Collect$$rtexit$$00000003           0x0800017c   Section        4  rtexit2.o(.ARM.Collect$$rtexit$$00000003)
    .ARM.Collect$$rtexit$$00000004           0x08000180   Section        6  rtexit2.o(.ARM.Collect$$rtexit$$00000004)
    .text                                    0x08000188   Section       64  startup_stm32f10x_md.o(.text)
    .text                                    0x080001c8   Section        0  heapauxi.o(.text)
    .text                                    0x080001ce   Section       74  sys_stackheap_outer.o(.text)
    .text                                    0x08000218   Section        0  exit.o(.text)
    .text                                    0x0800022c   Section        8  libspace.o(.text)
    .text                                    0x08000234   Section        0  sys_exit.o(.text)
    .text                                    0x08000240   Section        2  use_no_semi.o(.text)
    .text                                    0x08000242   Section        0  indicate_semi.o(.text)
    i.ADC_GetConversionValue                 0x08000242   Section        0  stm32f10x_adc.o(i.ADC_GetConversionValue)
    i.ADC_SoftwareStartConvCmd               0x0800024a   Section        0  stm32f10x_adc.o(i.ADC_SoftwareStartConvCmd)
    i.GPIO_Init                              0x08000260   Section        0  stm32f10x_gpio.o(i.GPIO_Init)
    i.GPIO_ReadOutputDataBit                 0x08000376   Section        0  stm32f10x_gpio.o(i.GPIO_ReadOutputDataBit)
    i.GPIO_ResetBits                         0x08000388   Section        0  stm32f10x_gpio.o(i.GPIO_ResetBits)
    i.GPIO_SetBits                           0x0800038c   Section        0  stm32f10x_gpio.o(i.GPIO_SetBits)
    i.GPIO_StructInit                        0x08000390   Section        0  stm32f10x_gpio.o(i.GPIO_StructInit)
    i.Gpio_BitSet                            0x080003a0   Section        0  gpio_driver.o(i.Gpio_BitSet)
    i.Gpio_Init                              0x080003ac   Section        0  gpio_driver.o(i.Gpio_Init)
    i.NVIC_Init                              0x080003f0   Section        0  misc.o(i.NVIC_Init)
    i.RCC_APB1PeriphClockCmd                 0x08000460   Section        0  stm32f10x_rcc.o(i.RCC_APB1PeriphClockCmd)
    i.RCC_APB1PeriphResetCmd                 0x08000480   Section        0  stm32f10x_rcc.o(i.RCC_APB1PeriphResetCmd)
    i.RCC_APB2PeriphClockCmd                 0x080004a0   Section        0  stm32f10x_rcc.o(i.RCC_APB2PeriphClockCmd)
    i.RCC_APB2PeriphResetCmd                 0x080004c0   Section        0  stm32f10x_rcc.o(i.RCC_APB2PeriphResetCmd)
    i.SPI_CalculateCRC                       0x080004e0   Section        0  stm32f10x_spi.o(i.SPI_CalculateCRC)
    i.SPI_Cmd                                0x080004f8   Section        0  stm32f10x_spi.o(i.SPI_Cmd)
    i.SPI_I2S_DeInit                         0x08000510   Section        0  stm32f10x_spi.o(i.SPI_I2S_DeInit)
    i.SPI_I2S_GetFlagStatus                  0x08000568   Section        0  stm32f10x_spi.o(i.SPI_I2S_GetFlagStatus)
    i.SPI_I2S_ReceiveData                    0x0800057a   Section        0  stm32f10x_spi.o(i.SPI_I2S_ReceiveData)
    i.SPI_I2S_SendData                       0x08000580   Section        0  stm32f10x_spi.o(i.SPI_I2S_SendData)
    i.SPI_Init                               0x08000584   Section        0  stm32f10x_spi.o(i.SPI_Init)
    i.SetSysClock                            0x080005c0   Section        0  system_stm32f10x.o(i.SetSysClock)
    SetSysClock                              0x080005c1   Thumb Code     8  system_stm32f10x.o(i.SetSysClock)
    i.SetSysClockTo72                        0x080005c8   Section        0  system_stm32f10x.o(i.SetSysClockTo72)
    SetSysClockTo72                          0x080005c9   Thumb Code   214  system_stm32f10x.o(i.SetSysClockTo72)
    i.SystemInit                             0x080006a8   Section        0  system_stm32f10x.o(i.SystemInit)
    i.TIM2_IRQHandler                        0x08000708   Section        0  main.o(i.TIM2_IRQHandler)
    i.TIM3_IRQHandler                        0x0800072c   Section        0  main.o(i.TIM3_IRQHandler)
    i.TIM4_IRQHandler                        0x0800078c   Section        0  main.o(i.TIM4_IRQHandler)
    i.TIM_ClearITPendingBit                  0x080007ac   Section        0  stm32f10x_tim.o(i.TIM_ClearITPendingBit)
    i.TIM_Cmd                                0x080007b2   Section        0  stm32f10x_tim.o(i.TIM_Cmd)
    i.TIM_GetITStatus                        0x080007ca   Section        0  stm32f10x_tim.o(i.TIM_GetITStatus)
    i.TIM_ITConfig                           0x080007ec   Section        0  stm32f10x_tim.o(i.TIM_ITConfig)
    i.TIM_OC2Init                            0x08000800   Section        0  stm32f10x_tim.o(i.TIM_OC2Init)
    i.TIM_OCStructInit                       0x080008a4   Section        0  stm32f10x_tim.o(i.TIM_OCStructInit)
    i.TIM_SetCompare2                        0x080008b8   Section        0  stm32f10x_tim.o(i.TIM_SetCompare2)
    i.TIM_TimeBaseInit                       0x080008bc   Section        0  stm32f10x_tim.o(i.TIM_TimeBaseInit)
    i.TIM_TimeBaseStructInit                 0x08000960   Section        0  stm32f10x_tim.o(i.TIM_TimeBaseStructInit)
    i.card_power                             0x08000974   Section        0  sd_spi_stm32.o(i.card_power)
    card_power                               0x08000975   Thumb Code    82  sd_spi_stm32.o(i.card_power)
    i.check_fs                               0x080009d0   Section        0  ff.o(i.check_fs)
    check_fs                                 0x080009d1   Thumb Code   112  ff.o(i.check_fs)
    i.chk_chr                                0x08000a4c   Section        0  ff.o(i.chk_chr)
    chk_chr                                  0x08000a4d   Thumb Code    20  ff.o(i.chk_chr)
    i.chk_power                              0x08000a60   Section        0  sd_spi_stm32.o(i.chk_power)
    chk_power                                0x08000a61   Thumb Code    24  sd_spi_stm32.o(i.chk_power)
    i.clst2sect                              0x08000a7c   Section        0  ff.o(i.clst2sect)
    clst2sect                                0x08000a7d   Thumb Code    26  ff.o(i.clst2sect)
    i.create_chain                           0x08000a96   Section        0  ff.o(i.create_chain)
    create_chain                             0x08000a97   Thumb Code   288  ff.o(i.create_chain)
    i.create_name                            0x08000bb8   Section        0  ff.o(i.create_name)
    create_name                              0x08000bb9   Thumb Code   244  ff.o(i.create_name)
    i.dbc_1st                                0x08000cbc   Section        0  ff.o(i.dbc_1st)
    dbc_1st                                  0x08000cbd   Thumb Code    46  ff.o(i.dbc_1st)
    i.dbc_2nd                                0x08000cf0   Section        0  ff.o(i.dbc_2nd)
    dbc_2nd                                  0x08000cf1   Thumb Code    66  ff.o(i.dbc_2nd)
    i.dir_alloc                              0x08000d38   Section        0  ff.o(i.dir_alloc)
    dir_alloc                                0x08000d39   Thumb Code    96  ff.o(i.dir_alloc)
    i.dir_clear                              0x08000d98   Section        0  ff.o(i.dir_clear)
    dir_clear                                0x08000d99   Thumb Code    96  ff.o(i.dir_clear)
    i.dir_find                               0x08000df8   Section        0  ff.o(i.dir_find)
    dir_find                                 0x08000df9   Thumb Code   108  ff.o(i.dir_find)
    i.dir_next                               0x08000e64   Section        0  ff.o(i.dir_next)
    dir_next                                 0x08000e65   Thumb Code   198  ff.o(i.dir_next)
    i.dir_register                           0x08000f2a   Section        0  ff.o(i.dir_register)
    dir_register                             0x08000f2b   Thumb Code    60  ff.o(i.dir_register)
    i.dir_sdi                                0x08000f66   Section        0  ff.o(i.dir_sdi)
    dir_sdi                                  0x08000f67   Thumb Code   154  ff.o(i.dir_sdi)
    i.disk_initialize                        0x08001000   Section        0  sd_spi_stm32.o(i.disk_initialize)
    i.disk_ioctl                             0x08001154   Section        0  sd_spi_stm32.o(i.disk_ioctl)
    i.disk_read                              0x080013c8   Section        0  sd_spi_stm32.o(i.disk_read)
    i.disk_status                            0x08001458   Section        0  sd_spi_stm32.o(i.disk_status)
    i.disk_timerproc                         0x0800146c   Section        0  sd_spi_stm32.o(i.disk_timerproc)
    i.disk_write                             0x080014f0   Section        0  sd_spi_stm32.o(i.disk_write)
    i.f_close                                0x080015a4   Section        0  ff.o(i.f_close)
    i.f_mount                                0x080015c8   Section        0  ff.o(i.f_mount)
    i.f_open                                 0x0800161c   Section        0  ff.o(i.f_open)
    i.f_read                                 0x08001800   Section        0  ff.o(i.f_read)
    i.f_sync                                 0x0800199c   Section        0  ff.o(i.f_sync)
    i.find_volume                            0x08001a3c   Section        0  ff.o(i.find_volume)
    find_volume                              0x08001a3d   Thumb Code   758  ff.o(i.find_volume)
    i.follow_path                            0x08001d48   Section        0  ff.o(i.follow_path)
    follow_path                              0x08001d49   Thumb Code   158  ff.o(i.follow_path)
    i.get_fat                                0x08001de6   Section        0  ff.o(i.get_fat)
    get_fat                                  0x08001de7   Thumb Code   224  ff.o(i.get_fat)
    i.get_fattime                            0x08001ec8   Section        0  sd_spi_stm32.o(i.get_fattime)
    i.get_ldnumber                           0x08001ed0   Section        0  ff.o(i.get_ldnumber)
    get_ldnumber                             0x08001ed1   Thumb Code    76  ff.o(i.get_ldnumber)
    i.interface_speed                        0x08001f1c   Section        0  sd_spi_stm32.o(i.interface_speed)
    interface_speed                          0x08001f1d   Thumb Code    28  sd_spi_stm32.o(i.interface_speed)
    i.ld_clust                               0x08001f3c   Section        0  ff.o(i.ld_clust)
    ld_clust                                 0x08001f3d   Thumb Code    38  ff.o(i.ld_clust)
    i.ld_dword                               0x08001f62   Section        0  ff.o(i.ld_dword)
    ld_dword                                 0x08001f63   Thumb Code    24  ff.o(i.ld_dword)
    i.ld_word                                0x08001f7a   Section        0  ff.o(i.ld_word)
    ld_word                                  0x08001f7b   Thumb Code    12  ff.o(i.ld_word)
    i.main                                   0x08001f88   Section        0  main.o(i.main)
    i.mem_cmp                                0x080020c8   Section        0  ff.o(i.mem_cmp)
    mem_cmp                                  0x080020c9   Thumb Code    36  ff.o(i.mem_cmp)
    i.mem_cpy                                0x080020ec   Section        0  ff.o(i.mem_cpy)
    mem_cpy                                  0x080020ed   Thumb Code    26  ff.o(i.mem_cpy)
    i.mem_set                                0x08002106   Section        0  ff.o(i.mem_set)
    mem_set                                  0x08002107   Thumb Code    18  ff.o(i.mem_set)
    i.move_window                            0x08002118   Section        0  ff.o(i.move_window)
    move_window                              0x08002119   Thumb Code    52  ff.o(i.move_window)
    i.power_off                              0x0800214c   Section        0  sd_spi_stm32.o(i.power_off)
    power_off                                0x0800214d   Thumb Code    96  sd_spi_stm32.o(i.power_off)
    i.power_on                               0x080021bc   Section        0  sd_spi_stm32.o(i.power_on)
    power_on                                 0x080021bd   Thumb Code   246  sd_spi_stm32.o(i.power_on)
    i.put_fat                                0x080022c8   Section        0  ff.o(i.put_fat)
    put_fat                                  0x080022c9   Thumb Code   312  ff.o(i.put_fat)
    i.pwmtimer                               0x08002400   Section        0  main.o(i.pwmtimer)
    i.rcvr_datablock                         0x080024bc   Section        0  sd_spi_stm32.o(i.rcvr_datablock)
    rcvr_datablock                           0x080024bd   Thumb Code   100  sd_spi_stm32.o(i.rcvr_datablock)
    i.rcvr_spi                               0x08002524   Section        0  sd_spi_stm32.o(i.rcvr_spi)
    rcvr_spi                                 0x08002525   Thumb Code    10  sd_spi_stm32.o(i.rcvr_spi)
    i.release_spi                            0x08002530   Section        0  sd_spi_stm32.o(i.release_spi)
    release_spi                              0x08002531   Thumb Code    18  sd_spi_stm32.o(i.release_spi)
    i.remove_chain                           0x08002548   Section        0  ff.o(i.remove_chain)
    remove_chain                             0x08002549   Thumb Code   154  ff.o(i.remove_chain)
    i.send_cmd                               0x080025e4   Section        0  sd_spi_stm32.o(i.send_cmd)
    send_cmd                                 0x080025e5   Thumb Code   142  sd_spi_stm32.o(i.send_cmd)
    i.socket_cp_init                         0x08002678   Section        0  sd_spi_stm32.o(i.socket_cp_init)
    socket_cp_init                           0x08002679   Thumb Code     2  sd_spi_stm32.o(i.socket_cp_init)
    i.socket_wp_init                         0x0800267a   Section        0  sd_spi_stm32.o(i.socket_wp_init)
    socket_wp_init                           0x0800267b   Thumb Code     2  sd_spi_stm32.o(i.socket_wp_init)
    i.st_clust                               0x0800267c   Section        0  ff.o(i.st_clust)
    st_clust                                 0x0800267d   Thumb Code    36  ff.o(i.st_clust)
    i.st_dword                               0x080026a0   Section        0  ff.o(i.st_dword)
    st_dword                                 0x080026a1   Thumb Code    24  ff.o(i.st_dword)
    i.st_word                                0x080026b8   Section        0  ff.o(i.st_word)
    st_word                                  0x080026b9   Thumb Code    12  ff.o(i.st_word)
    i.stm32_spi_rw                           0x080026c4   Section        0  sd_spi_stm32.o(i.stm32_spi_rw)
    stm32_spi_rw                             0x080026c5   Thumb Code    36  sd_spi_stm32.o(i.stm32_spi_rw)
    i.sync_fs                                0x080026ec   Section        0  ff.o(i.sync_fs)
    sync_fs                                  0x080026ed   Thumb Code   134  ff.o(i.sync_fs)
    i.sync_window                            0x0800277c   Section        0  ff.o(i.sync_window)
    sync_window                              0x0800277d   Thumb Code    74  ff.o(i.sync_window)
    i.timer                                  0x080027c8   Section        0  main.o(i.timer)
    i.validate                               0x08002838   Section        0  ff.o(i.validate)
    validate                                 0x08002839   Thumb Code    60  ff.o(i.validate)
    i.wait_ready                             0x08002874   Section        0  sd_spi_stm32.o(i.wait_ready)
    wait_ready                               0x08002875   Thumb Code    36  sd_spi_stm32.o(i.wait_ready)
    i.xmit_datablock                         0x0800289c   Section        0  sd_spi_stm32.o(i.xmit_datablock)
    xmit_datablock                           0x0800289d   Thumb Code    94  sd_spi_stm32.o(i.xmit_datablock)
    .constdata                               0x080028fa   Section       10  ff.o(.constdata)
    DbcTbl                                   0x080028fa   Data          10  ff.o(.constdata)
    .data                                    0x20000000   Section       65  main.o(.data)
    table                                    0x2000001c   Data          37  main.o(.data)
    .data                                    0x20000044   Section        6  ff.o(.data)
    FatFs                                    0x20000044   Data           4  ff.o(.data)
    Fsid                                     0x20000048   Data           2  ff.o(.data)
    .data                                    0x2000004c   Section       20  sd_spi_stm32.o(.data)
    Stat                                     0x2000004c   Data           1  sd_spi_stm32.o(.data)
    Timer1                                   0x20000050   Data           4  sd_spi_stm32.o(.data)
    Timer2                                   0x20000054   Data           4  sd_spi_stm32.o(.data)
    CardType                                 0x20000058   Data           1  sd_spi_stm32.o(.data)
    pv                                       0x2000005c   Data           4  sd_spi_stm32.o(.data)
    .data                                    0x20000060   Section       20  system_stm32f10x.o(.data)
    .bss                                     0x20000074   Section     8456  main.o(.bss)
    .bss                                     0x2000217c   Section       96  libspace.o(.bss)
    HEAP                                     0x200021e0   Section      512  startup_stm32f10x_md.o(HEAP)
    Heap_Mem                                 0x200021e0   Data         512  startup_stm32f10x_md.o(HEAP)
    STACK                                    0x200023e0   Section     1024  startup_stm32f10x_md.o(STACK)
    Stack_Mem                                0x200023e0   Data        1024  startup_stm32f10x_md.o(STACK)
    __initial_sp                             0x200027e0   Data           0  startup_stm32f10x_md.o(STACK)

    Global Symbols

    Symbol Name                              Value     Ov Type        Size  Object(Section)

    BuildAttributes$$THM_ISAv4$P$D$K$B$S$PE$A:L22UL41UL21$X:L11$S22US41US21$IEEE1$IW$USESV6$~STKCKD$USESV7$~SHL$OSPACE$ROPI$EBA8$UX$STANDARDLIB$REQ8$PRES8$EABIv2 0x00000000   Number         0  anon$$obj.o ABSOLUTE
    __ARM_use_no_argv                        0x00000000   Number         0  main.o ABSOLUTE
    __ARM_exceptions_init                     - Undefined Weak Reference
    __alloca_initialize                       - Undefined Weak Reference
    __arm_preinit_                            - Undefined Weak Reference
    __cpp_initialize__aeabi_                  - Undefined Weak Reference
    __cxa_finalize                            - Undefined Weak Reference
    __rt_locale                               - Undefined Weak Reference
    __sigvec_lookup                           - Undefined Weak Reference
    _atexit_init                              - Undefined Weak Reference
    _call_atexit_fns                          - Undefined Weak Reference
    _clock_init                               - Undefined Weak Reference
    _fp_trap_init                             - Undefined Weak Reference
    _fp_trap_shutdown                         - Undefined Weak Reference
    _get_lc_collate                           - Undefined Weak Reference
    _get_lc_ctype                             - Undefined Weak Reference
    _get_lc_monetary                          - Undefined Weak Reference
    _get_lc_numeric                           - Undefined Weak Reference
    _get_lc_time                              - Undefined Weak Reference
    _getenv_init                              - Undefined Weak Reference
    _handle_redirection                       - Undefined Weak Reference
    _init_alloc                               - Undefined Weak Reference
    _init_user_alloc                          - Undefined Weak Reference
    _initio                                   - Undefined Weak Reference
    _rand_init                                - Undefined Weak Reference
    _signal_finish                            - Undefined Weak Reference
    _signal_init                              - Undefined Weak Reference
    _terminate_alloc                          - Undefined Weak Reference
    _terminate_user_alloc                     - Undefined Weak Reference
    _terminateio                              - Undefined Weak Reference
    __Vectors_Size                           0x000000ec   Number         0  startup_stm32f10x_md.o ABSOLUTE
    __Vectors                                0x08000000   Data           4  startup_stm32f10x_md.o(RESET)
    __Vectors_End                            0x080000ec   Data           0  startup_stm32f10x_md.o(RESET)
    __main                                   0x080000ed   Thumb Code     8  __main.o(!!!main)
    __scatterload                            0x080000f5   Thumb Code     0  __scatter.o(!!!scatter)
    __scatterload_rt2                        0x080000f5   Thumb Code    44  __scatter.o(!!!scatter)
    __scatterload_rt2_thumb_only             0x080000f5   Thumb Code     0  __scatter.o(!!!scatter)
    __scatterload_null                       0x08000103   Thumb Code     0  __scatter.o(!!!scatter)
    __scatterload_copy                       0x08000129   Thumb Code    26  __scatter_copy.o(!!handler_copy)
    __scatterload_zeroinit                   0x08000145   Thumb Code    28  __scatter_zi.o(!!handler_zi)
    __rt_lib_init                            0x08000161   Thumb Code     0  libinit.o(.ARM.Collect$$libinit$$00000000)
    __rt_lib_init_alloca_1                   0x08000163   Thumb Code     0  libinit2.o(.ARM.Collect$$libinit$$0000002E)
    __rt_lib_init_argv_1                     0x08000163   Thumb Code     0  libinit2.o(.ARM.Collect$$libinit$$0000002C)
    __rt_lib_init_atexit_1                   0x08000163   Thumb Code     0  libinit2.o(.ARM.Collect$$libinit$$0000001B)
    __rt_lib_init_clock_1                    0x08000163   Thumb Code     0  libinit2.o(.ARM.Collect$$libinit$$00000021)
    __rt_lib_init_cpp_1                      0x08000163   Thumb Code     0  libinit2.o(.ARM.Collect$$libinit$$00000032)
    __rt_lib_init_exceptions_1               0x08000163   Thumb Code     0  libinit2.o(.ARM.Collect$$libinit$$00000030)
    __rt_lib_init_fp_1                       0x08000163   Thumb Code     0  libinit2.o(.ARM.Collect$$libinit$$00000002)
    __rt_lib_init_fp_trap_1                  0x08000163   Thumb Code     0  libinit2.o(.ARM.Collect$$libinit$$0000001F)
    __rt_lib_init_getenv_1                   0x08000163   Thumb Code     0  libinit2.o(.ARM.Collect$$libinit$$00000023)
    __rt_lib_init_heap_1                     0x08000163   Thumb Code     0  libinit2.o(.ARM.Collect$$libinit$$0000000A)
    __rt_lib_init_lc_collate_1               0x08000163   Thumb Code     0  libinit2.o(.ARM.Collect$$libinit$$00000011)
    __rt_lib_init_lc_ctype_1                 0x08000163   Thumb Code     0  libinit2.o(.ARM.Collect$$libinit$$00000013)
    __rt_lib_init_lc_monetary_1              0x08000163   Thumb Code     0  libinit2.o(.ARM.Collect$$libinit$$00000015)
    __rt_lib_init_lc_numeric_1               0x08000163   Thumb Code     0  libinit2.o(.ARM.Collect$$libinit$$00000017)
    __rt_lib_init_lc_time_1                  0x08000163   Thumb Code     0  libinit2.o(.ARM.Collect$$libinit$$00000019)
    __rt_lib_init_preinit_1                  0x08000163   Thumb Code     0  libinit2.o(.ARM.Collect$$libinit$$00000004)
    __rt_lib_init_rand_1                     0x08000163   Thumb Code     0  libinit2.o(.ARM.Collect$$libinit$$0000000E)
    __rt_lib_init_return                     0x08000163   Thumb Code     0  libinit2.o(.ARM.Collect$$libinit$$00000033)
    __rt_lib_init_signal_1                   0x08000163   Thumb Code     0  libinit2.o(.ARM.Collect$$libinit$$0000001D)
    __rt_lib_init_stdio_1                    0x08000163   Thumb Code     0  libinit2.o(.ARM.Collect$$libinit$$00000025)
    __rt_lib_init_user_alloc_1               0x08000163   Thumb Code     0  libinit2.o(.ARM.Collect$$libinit$$0000000C)
    __rt_lib_shutdown                        0x08000165   Thumb Code     0  libshutdown.o(.ARM.Collect$$libshutdown$$00000000)
    __rt_lib_shutdown_cpp_1                  0x08000167   Thumb Code     0  libshutdown2.o(.ARM.Collect$$libshutdown$$00000002)
    __rt_lib_shutdown_fp_trap_1              0x08000167   Thumb Code     0  libshutdown2.o(.ARM.Collect$$libshutdown$$00000007)
    __rt_lib_shutdown_heap_1                 0x08000167   Thumb Code     0  libshutdown2.o(.ARM.Collect$$libshutdown$$0000000F)
    __rt_lib_shutdown_return                 0x08000167   Thumb Code     0  libshutdown2.o(.ARM.Collect$$libshutdown$$00000010)
    __rt_lib_shutdown_signal_1               0x08000167   Thumb Code     0  libshutdown2.o(.ARM.Collect$$libshutdown$$0000000A)
    __rt_lib_shutdown_stdio_1                0x08000167   Thumb Code     0  libshutdown2.o(.ARM.Collect$$libshutdown$$00000004)
    __rt_lib_shutdown_user_alloc_1           0x08000167   Thumb Code     0  libshutdown2.o(.ARM.Collect$$libshutdown$$0000000C)
    __rt_entry                               0x08000169   Thumb Code     0  __rtentry.o(.ARM.Collect$$rtentry$$00000000)
    __rt_entry_presh_1                       0x08000169   Thumb Code     0  __rtentry2.o(.ARM.Collect$$rtentry$$00000002)
    __rt_entry_sh                            0x08000169   Thumb Code     0  __rtentry4.o(.ARM.Collect$$rtentry$$00000004)
    __rt_entry_li                            0x0800016f   Thumb Code     0  __rtentry2.o(.ARM.Collect$$rtentry$$0000000A)
    __rt_entry_postsh_1                      0x0800016f   Thumb Code     0  __rtentry2.o(.ARM.Collect$$rtentry$$00000009)
    __rt_entry_main                          0x08000173   Thumb Code     0  __rtentry2.o(.ARM.Collect$$rtentry$$0000000D)
    __rt_entry_postli_1                      0x08000173   Thumb Code     0  __rtentry2.o(.ARM.Collect$$rtentry$$0000000C)
    __rt_exit                                0x0800017b   Thumb Code     0  rtexit.o(.ARM.Collect$$rtexit$$00000000)
    __rt_exit_ls                             0x0800017d   Thumb Code     0  rtexit2.o(.ARM.Collect$$rtexit$$00000003)
    __rt_exit_prels_1                        0x0800017d   Thumb Code     0  rtexit2.o(.ARM.Collect$$rtexit$$00000002)
    __rt_exit_exit                           0x08000181   Thumb Code     0  rtexit2.o(.ARM.Collect$$rtexit$$00000004)
    Reset_Handler                            0x08000189   Thumb Code     8  startup_stm32f10x_md.o(.text)
    NMI_Handler                              0x08000191   Thumb Code     2  startup_stm32f10x_md.o(.text)
    HardFault_Handler                        0x08000193   Thumb Code     2  startup_stm32f10x_md.o(.text)
    MemManage_Handler                        0x08000195   Thumb Code     2  startup_stm32f10x_md.o(.text)
    BusFault_Handler                         0x08000197   Thumb Code     2  startup_stm32f10x_md.o(.text)
    UsageFault_Handler                       0x08000199   Thumb Code     2  startup_stm32f10x_md.o(.text)
    SVC_Handler                              0x0800019b   Thumb Code     2  startup_stm32f10x_md.o(.text)
    DebugMon_Handler                         0x0800019d   Thumb Code     2  startup_stm32f10x_md.o(.text)
    PendSV_Handler                           0x0800019f   Thumb Code     2  startup_stm32f10x_md.o(.text)
    SysTick_Handler                          0x080001a1   Thumb Code     2  startup_stm32f10x_md.o(.text)
    ADC1_2_IRQHandler                        0x080001a3   Thumb Code     0  startup_stm32f10x_md.o(.text)
    CAN1_RX1_IRQHandler                      0x080001a3   Thumb Code     0  startup_stm32f10x_md.o(.text)
    CAN1_SCE_IRQHandler                      0x080001a3   Thumb Code     0  startup_stm32f10x_md.o(.text)
    DMA1_Channel1_IRQHandler                 0x080001a3   Thumb Code     0  startup_stm32f10x_md.o(.text)
    DMA1_Channel2_IRQHandler                 0x080001a3   Thumb Code     0  startup_stm32f10x_md.o(.text)
    DMA1_Channel3_IRQHandler                 0x080001a3   Thumb Code     0  startup_stm32f10x_md.o(.text)
    DMA1_Channel4_IRQHandler                 0x080001a3   Thumb Code     0  startup_stm32f10x_md.o(.text)
    DMA1_Channel5_IRQHandler                 0x080001a3   Thumb Code     0  startup_stm32f10x_md.o(.text)
    DMA1_Channel6_IRQHandler                 0x080001a3   Thumb Code     0  startup_stm32f10x_md.o(.text)
    DMA1_Channel7_IRQHandler                 0x080001a3   Thumb Code     0  startup_stm32f10x_md.o(.text)
    EXTI0_IRQHandler                         0x080001a3   Thumb Code     0  startup_stm32f10x_md.o(.text)
    EXTI15_10_IRQHandler                     0x080001a3   Thumb Code     0  startup_stm32f10x_md.o(.text)
    EXTI1_IRQHandler                         0x080001a3   Thumb Code     0  startup_stm32f10x_md.o(.text)
    EXTI2_IRQHandler                         0x080001a3   Thumb Code     0  startup_stm32f10x_md.o(.text)
    EXTI3_IRQHandler                         0x080001a3   Thumb Code     0  startup_stm32f10x_md.o(.text)
    EXTI4_IRQHandler                         0x080001a3   Thumb Code     0  startup_stm32f10x_md.o(.text)
    EXTI9_5_IRQHandler                       0x080001a3   Thumb Code     0  startup_stm32f10x_md.o(.text)
    FLASH_IRQHandler                         0x080001a3   Thumb Code     0  startup_stm32f10x_md.o(.text)
    I2C1_ER_IRQHandler                       0x080001a3   Thumb Code     0  startup_stm32f10x_md.o(.text)
    I2C1_EV_IRQHandler                       0x080001a3   Thumb Code     0  startup_stm32f10x_md.o(.text)
    I2C2_ER_IRQHandler                       0x080001a3   Thumb Code     0  startup_stm32f10x_md.o(.text)
    I2C2_EV_IRQHandler                       0x080001a3   Thumb Code     0  startup_stm32f10x_md.o(.text)
    PVD_IRQHandler                           0x080001a3   Thumb Code     0  startup_stm32f10x_md.o(.text)
    RCC_IRQHandler                           0x080001a3   Thumb Code     0  startup_stm32f10x_md.o(.text)
    RTCAlarm_IRQHandler                      0x080001a3   Thumb Code     0  startup_stm32f10x_md.o(.text)
    RTC_IRQHandler                           0x080001a3   Thumb Code     0  startup_stm32f10x_md.o(.text)
    SPI1_IRQHandler                          0x080001a3   Thumb Code     0  startup_stm32f10x_md.o(.text)
    SPI2_IRQHandler                          0x080001a3   Thumb Code     0  startup_stm32f10x_md.o(.text)
    TAMPER_IRQHandler                        0x080001a3   Thumb Code     0  startup_stm32f10x_md.o(.text)
    TIM1_BRK_IRQHandler                      0x080001a3   Thumb Code     0  startup_stm32f10x_md.o(.text)
    TIM1_CC_IRQHandler                       0x080001a3   Thumb Code     0  startup_stm32f10x_md.o(.text)
    TIM1_TRG_COM_IRQHandler                  0x080001a3   Thumb Code     0  startup_stm32f10x_md.o(.text)
    TIM1_UP_IRQHandler                       0x080001a3   Thumb Code     0  startup_stm32f10x_md.o(.text)
    USART1_IRQHandler                        0x080001a3   Thumb Code     0  startup_stm32f10x_md.o(.text)
    USART2_IRQHandler                        0x080001a3   Thumb Code     0  startup_stm32f10x_md.o(.text)
    USART3_IRQHandler                        0x080001a3   Thumb Code     0  startup_stm32f10x_md.o(.text)
    USBWakeUp_IRQHandler                     0x080001a3   Thumb Code     0  startup_stm32f10x_md.o(.text)
    USB_HP_CAN1_TX_IRQHandler                0x080001a3   Thumb Code     0  startup_stm32f10x_md.o(.text)
    USB_LP_CAN1_RX0_IRQHandler               0x080001a3   Thumb Code     0  startup_stm32f10x_md.o(.text)
    WWDG_IRQHandler                          0x080001a3   Thumb Code     0  startup_stm32f10x_md.o(.text)
    __user_initial_stackheap                 0x080001a5   Thumb Code     0  startup_stm32f10x_md.o(.text)
    __use_two_region_memory                  0x080001c9   Thumb Code     2  heapauxi.o(.text)
    __rt_heap_escrow$2region                 0x080001cb   Thumb Code     2  heapauxi.o(.text)
    __rt_heap_expand$2region                 0x080001cd   Thumb Code     2  heapauxi.o(.text)
    __user_setup_stackheap                   0x080001cf   Thumb Code    74  sys_stackheap_outer.o(.text)
    exit                                     0x08000219   Thumb Code    18  exit.o(.text)
    __user_libspace                          0x0800022d   Thumb Code     8  libspace.o(.text)
    __user_perproc_libspace                  0x0800022d   Thumb Code     0  libspace.o(.text)
    __user_perthread_libspace                0x0800022d   Thumb Code     0  libspace.o(.text)
    _sys_exit                                0x08000235   Thumb Code     8  sys_exit.o(.text)
    __I$use$semihosting                      0x08000241   Thumb Code     0  use_no_semi.o(.text)
    __use_no_semihosting_swi                 0x08000241   Thumb Code     2  use_no_semi.o(.text)
    ADC_GetConversionValue                   0x08000243   Thumb Code     8  stm32f10x_adc.o(i.ADC_GetConversionValue)
    __semihosting_library_function           0x08000243   Thumb Code     0  indicate_semi.o(.text)
    ADC_SoftwareStartConvCmd                 0x0800024b   Thumb Code    22  stm32f10x_adc.o(i.ADC_SoftwareStartConvCmd)
    GPIO_Init                                0x08000261   Thumb Code   278  stm32f10x_gpio.o(i.GPIO_Init)
    GPIO_ReadOutputDataBit                   0x08000377   Thumb Code    18  stm32f10x_gpio.o(i.GPIO_ReadOutputDataBit)
    GPIO_ResetBits                           0x08000389   Thumb Code     4  stm32f10x_gpio.o(i.GPIO_ResetBits)
    GPIO_SetBits                             0x0800038d   Thumb Code     4  stm32f10x_gpio.o(i.GPIO_SetBits)
    GPIO_StructInit                          0x08000391   Thumb Code    16  stm32f10x_gpio.o(i.GPIO_StructInit)
    Gpio_BitSet                              0x080003a1   Thumb Code    12  gpio_driver.o(i.Gpio_BitSet)
    Gpio_Init                                0x080003ad   Thumb Code    66  gpio_driver.o(i.Gpio_Init)
    NVIC_Init                                0x080003f1   Thumb Code   100  misc.o(i.NVIC_Init)
    RCC_APB1PeriphClockCmd                   0x08000461   Thumb Code    26  stm32f10x_rcc.o(i.RCC_APB1PeriphClockCmd)
    RCC_APB1PeriphResetCmd                   0x08000481   Thumb Code    26  stm32f10x_rcc.o(i.RCC_APB1PeriphResetCmd)
    RCC_APB2PeriphClockCmd                   0x080004a1   Thumb Code    26  stm32f10x_rcc.o(i.RCC_APB2PeriphClockCmd)
    RCC_APB2PeriphResetCmd                   0x080004c1   Thumb Code    26  stm32f10x_rcc.o(i.RCC_APB2PeriphResetCmd)
    SPI_CalculateCRC                         0x080004e1   Thumb Code    24  stm32f10x_spi.o(i.SPI_CalculateCRC)
    SPI_Cmd                                  0x080004f9   Thumb Code    24  stm32f10x_spi.o(i.SPI_Cmd)
    SPI_I2S_DeInit                           0x08000511   Thumb Code    76  stm32f10x_spi.o(i.SPI_I2S_DeInit)
    SPI_I2S_GetFlagStatus                    0x08000569   Thumb Code    18  stm32f10x_spi.o(i.SPI_I2S_GetFlagStatus)
    SPI_I2S_ReceiveData                      0x0800057b   Thumb Code     6  stm32f10x_spi.o(i.SPI_I2S_ReceiveData)
    SPI_I2S_SendData                         0x08000581   Thumb Code     4  stm32f10x_spi.o(i.SPI_I2S_SendData)
    SPI_Init                                 0x08000585   Thumb Code    60  stm32f10x_spi.o(i.SPI_Init)
    SystemInit                               0x080006a9   Thumb Code    78  system_stm32f10x.o(i.SystemInit)
    TIM2_IRQHandler                          0x08000709   Thumb Code    32  main.o(i.TIM2_IRQHandler)
    TIM3_IRQHandler                          0x0800072d   Thumb Code    78  main.o(i.TIM3_IRQHandler)
    TIM4_IRQHandler                          0x0800078d   Thumb Code    26  main.o(i.TIM4_IRQHandler)
    TIM_ClearITPendingBit                    0x080007ad   Thumb Code     6  stm32f10x_tim.o(i.TIM_ClearITPendingBit)
    TIM_Cmd                                  0x080007b3   Thumb Code    24  stm32f10x_tim.o(i.TIM_Cmd)
    TIM_GetITStatus                          0x080007cb   Thumb Code    34  stm32f10x_tim.o(i.TIM_GetITStatus)
    TIM_ITConfig                             0x080007ed   Thumb Code    18  stm32f10x_tim.o(i.TIM_ITConfig)
    TIM_OC2Init                              0x08000801   Thumb Code   154  stm32f10x_tim.o(i.TIM_OC2Init)
    TIM_OCStructInit                         0x080008a5   Thumb Code    20  stm32f10x_tim.o(i.TIM_OCStructInit)
    TIM_SetCompare2                          0x080008b9   Thumb Code     4  stm32f10x_tim.o(i.TIM_SetCompare2)
    TIM_TimeBaseInit                         0x080008bd   Thumb Code   122  stm32f10x_tim.o(i.TIM_TimeBaseInit)
    TIM_TimeBaseStructInit                   0x08000961   Thumb Code    18  stm32f10x_tim.o(i.TIM_TimeBaseStructInit)
    disk_initialize                          0x08001001   Thumb Code   328  sd_spi_stm32.o(i.disk_initialize)
    disk_ioctl                               0x08001155   Thumb Code   616  sd_spi_stm32.o(i.disk_ioctl)
    disk_read                                0x080013c9   Thumb Code   136  sd_spi_stm32.o(i.disk_read)
    disk_status                              0x08001459   Thumb Code    14  sd_spi_stm32.o(i.disk_status)
    disk_timerproc                           0x0800146d   Thumb Code   114  sd_spi_stm32.o(i.disk_timerproc)
    disk_write                               0x080014f1   Thumb Code   170  sd_spi_stm32.o(i.disk_write)
    f_close                                  0x080015a5   Thumb Code    34  ff.o(i.f_close)
    f_mount                                  0x080015c9   Thumb Code    80  ff.o(i.f_mount)
    f_open                                   0x0800161d   Thumb Code   484  ff.o(i.f_open)
    f_read                                   0x08001801   Thumb Code   412  ff.o(i.f_read)
    f_sync                                   0x0800199d   Thumb Code   160  ff.o(i.f_sync)
    get_fattime                              0x08001ec9   Thumb Code     4  sd_spi_stm32.o(i.get_fattime)
    main                                     0x08001f89   Thumb Code   254  main.o(i.main)
    pwmtimer                                 0x08002401   Thumb Code   174  main.o(i.pwmtimer)
    timer                                    0x080027c9   Thumb Code   102  main.o(i.timer)
    Region$$Table$$Base                      0x08002904   Number         0  anon$$obj.o(Region$$Table)
    Region$$Table$$Limit                     0x08002924   Number         0  anon$$obj.o(Region$$Table)
    fr                                       0x20000000   Data           1  main.o(.data)
    a                                        0x20000004   Data           4  main.o(.data)
    i                                        0x20000008   Data           4  main.o(.data)
    j                                        0x2000000c   Data           4  main.o(.data)
    k                                        0x20000010   Data           4  main.o(.data)
    data                                     0x20000014   Data           2  main.o(.data)
    read                                     0x20000016   Data           4  main.o(.data)
    zero                                     0x2000001a   Data           2  main.o(.data)
    SystemCoreClock                          0x20000060   Data           4  system_stm32f10x.o(.data)
    AHBPrescTable                            0x20000064   Data          16  system_stm32f10x.o(.data)
    Buff                                     0x20000074   Data        4096  main.o(.bss)
    FatFs                                    0x20001074   Data         560  main.o(.bss)
    File                                     0x200012a4   Data         552  main.o(.bss)
    Dir                                      0x200014cc   Data          44  main.o(.bss)
    b                                        0x200014f8   Data        2048  main.o(.bss)
    fs                                       0x20001cf8   Data         560  main.o(.bss)
    fil                                      0x20001f28   Data         552  main.o(.bss)
    head                                     0x20002150   Data          44  main.o(.bss)
    __libspace_start                         0x2000217c   Data          96  libspace.o(.bss)
    __temporary_stack_top$libspace           0x200021dc   Data           0  libspace.o(.bss)



==============================================================================

Memory Map of the image

  Image Entry point : 0x08000189

  Load Region LR_1 (Base: 0x08000000, Size: 0x00002998, Max: 0xffffffff, ABSOLUTE)

    Execution Region ER_RO (Exec base: 0x08000000, Load base: 0x08000000, Size: 0x00002924, Max: 0xffffffff, ABSOLUTE)

    Exec Addr    Load Addr    Size         Type   Attr      Idx    E Section Name        Object

    0x08000000   0x08000000   0x000000ec   Data   RO         2223    RESET               startup_stm32f10x_md.o
    0x080000ec   0x080000ec   0x00000008   Code   RO         2280  * !!!main             c_w.l(__main.o)
    0x080000f4   0x080000f4   0x00000034   Code   RO         2437    !!!scatter          c_w.l(__scatter.o)
    0x08000128   0x08000128   0x0000001a   Code   RO         2439    !!handler_copy      c_w.l(__scatter_copy.o)
    0x08000142   0x08000142   0x00000002   PAD
    0x08000144   0x08000144   0x0000001c   Code   RO         2441    !!handler_zi        c_w.l(__scatter_zi.o)
    0x08000160   0x08000160   0x00000002   Code   RO         2307    .ARM.Collect$$libinit$$00000000  c_w.l(libinit.o)
    0x08000162   0x08000162   0x00000000   Code   RO         2314    .ARM.Collect$$libinit$$00000002  c_w.l(libinit2.o)
    0x08000162   0x08000162   0x00000000   Code   RO         2316    .ARM.Collect$$libinit$$00000004  c_w.l(libinit2.o)
    0x08000162   0x08000162   0x00000000   Code   RO         2319    .ARM.Collect$$libinit$$0000000A  c_w.l(libinit2.o)
    0x08000162   0x08000162   0x00000000   Code   RO         2321    .ARM.Collect$$libinit$$0000000C  c_w.l(libinit2.o)
    0x08000162   0x08000162   0x00000000   Code   RO         2323    .ARM.Collect$$libinit$$0000000E  c_w.l(libinit2.o)
    0x08000162   0x08000162   0x00000000   Code   RO         2326    .ARM.Collect$$libinit$$00000011  c_w.l(libinit2.o)
    0x08000162   0x08000162   0x00000000   Code   RO         2328    .ARM.Collect$$libinit$$00000013  c_w.l(libinit2.o)
    0x08000162   0x08000162   0x00000000   Code   RO         2330    .ARM.Collect$$libinit$$00000015  c_w.l(libinit2.o)
    0x08000162   0x08000162   0x00000000   Code   RO         2332    .ARM.Collect$$libinit$$00000017  c_w.l(libinit2.o)
    0x08000162   0x08000162   0x00000000   Code   RO         2334    .ARM.Collect$$libinit$$00000019  c_w.l(libinit2.o)
    0x08000162   0x08000162   0x00000000   Code   RO         2336    .ARM.Collect$$libinit$$0000001B  c_w.l(libinit2.o)
    0x08000162   0x08000162   0x00000000   Code   RO         2338    .ARM.Collect$$libinit$$0000001D  c_w.l(libinit2.o)
    0x08000162   0x08000162   0x00000000   Code   RO         2340    .ARM.Collect$$libinit$$0000001F  c_w.l(libinit2.o)
    0x08000162   0x08000162   0x00000000   Code   RO         2342    .ARM.Collect$$libinit$$00000021  c_w.l(libinit2.o)
    0x08000162   0x08000162   0x00000000   Code   RO         2344    .ARM.Collect$$libinit$$00000023  c_w.l(libinit2.o)
    0x08000162   0x08000162   0x00000000   Code   RO         2346    .ARM.Collect$$libinit$$00000025  c_w.l(libinit2.o)
    0x08000162   0x08000162   0x00000000   Code   RO         2350    .ARM.Collect$$libinit$$0000002C  c_w.l(libinit2.o)
    0x08000162   0x08000162   0x00000000   Code   RO         2352    .ARM.Collect$$libinit$$0000002E  c_w.l(libinit2.o)
    0x08000162   0x08000162   0x00000000   Code   RO         2354    .ARM.Collect$$libinit$$00000030  c_w.l(libinit2.o)
    0x08000162   0x08000162   0x00000000   Code   RO         2356    .ARM.Collect$$libinit$$00000032  c_w.l(libinit2.o)
    0x08000162   0x08000162   0x00000002   Code   RO         2357    .ARM.Collect$$libinit$$00000033  c_w.l(libinit2.o)
    0x08000164   0x08000164   0x00000002   Code   RO         2377    .ARM.Collect$$libshutdown$$00000000  c_w.l(libshutdown.o)
    0x08000166   0x08000166   0x00000000   Code   RO         2390    .ARM.Collect$$libshutdown$$00000002  c_w.l(libshutdown2.o)
    0x08000166   0x08000166   0x00000000   Code   RO         2392    .ARM.Collect$$libshutdown$$00000004  c_w.l(libshutdown2.o)
    0x08000166   0x08000166   0x00000000   Code   RO         2395    .ARM.Collect$$libshutdown$$00000007  c_w.l(libshutdown2.o)
    0x08000166   0x08000166   0x00000000   Code   RO         2398    .ARM.Collect$$libshutdown$$0000000A  c_w.l(libshutdown2.o)
    0x08000166   0x08000166   0x00000000   Code   RO         2400    .ARM.Collect$$libshutdown$$0000000C  c_w.l(libshutdown2.o)
    0x08000166   0x08000166   0x00000000   Code   RO         2403    .ARM.Collect$$libshutdown$$0000000F  c_w.l(libshutdown2.o)
    0x08000166   0x08000166   0x00000002   Code   RO         2404    .ARM.Collect$$libshutdown$$00000010  c_w.l(libshutdown2.o)
    0x08000168   0x08000168   0x00000000   Code   RO         2282    .ARM.Collect$$rtentry$$00000000  c_w.l(__rtentry.o)
    0x08000168   0x08000168   0x00000000   Code   RO         2284    .ARM.Collect$$rtentry$$00000002  c_w.l(__rtentry2.o)
    0x08000168   0x08000168   0x00000006   Code   RO         2296    .ARM.Collect$$rtentry$$00000004  c_w.l(__rtentry4.o)
    0x0800016e   0x0800016e   0x00000000   Code   RO         2286    .ARM.Collect$$rtentry$$00000009  c_w.l(__rtentry2.o)
    0x0800016e   0x0800016e   0x00000004   Code   RO         2287    .ARM.Collect$$rtentry$$0000000A  c_w.l(__rtentry2.o)
    0x08000172   0x08000172   0x00000000   Code   RO         2289    .ARM.Collect$$rtentry$$0000000C  c_w.l(__rtentry2.o)
    0x08000172   0x08000172   0x00000008   Code   RO         2290    .ARM.Collect$$rtentry$$0000000D  c_w.l(__rtentry2.o)
    0x0800017a   0x0800017a   0x00000002   Code   RO         2311    .ARM.Collect$$rtexit$$00000000  c_w.l(rtexit.o)
    0x0800017c   0x0800017c   0x00000000   Code   RO         2359    .ARM.Collect$$rtexit$$00000002  c_w.l(rtexit2.o)
    0x0800017c   0x0800017c   0x00000004   Code   RO         2360    .ARM.Collect$$rtexit$$00000003  c_w.l(rtexit2.o)
    0x08000180   0x08000180   0x00000006   Code   RO         2361    .ARM.Collect$$rtexit$$00000004  c_w.l(rtexit2.o)
    0x08000186   0x08000186   0x00000002   PAD
    0x08000188   0x08000188   0x00000040   Code   RO         2224  * .text               startup_stm32f10x_md.o
    0x080001c8   0x080001c8   0x00000006   Code   RO         2278    .text               c_w.l(heapauxi.o)
    0x080001ce   0x080001ce   0x0000004a   Code   RO         2298    .text               c_w.l(sys_stackheap_outer.o)
    0x08000218   0x08000218   0x00000012   Code   RO         2300    .text               c_w.l(exit.o)
    0x0800022a   0x0800022a   0x00000002   PAD
    0x0800022c   0x0800022c   0x00000008   Code   RO         2308    .text               c_w.l(libspace.o)
    0x08000234   0x08000234   0x0000000c   Code   RO         2369    .text               c_w.l(sys_exit.o)
    0x08000240   0x08000240   0x00000002   Code   RO         2380    .text               c_w.l(use_no_semi.o)
    0x08000242   0x08000242   0x00000000   Code   RO         2382    .text               c_w.l(indicate_semi.o)
    0x08000242   0x08000242   0x00000008   Code   RO          951    i.ADC_GetConversionValue  stm32f10x_adc.o
    0x0800024a   0x0800024a   0x00000016   Code   RO          967    i.ADC_SoftwareStartConvCmd  stm32f10x_adc.o
    0x08000260   0x08000260   0x00000116   Code   RO         1176    i.GPIO_Init         stm32f10x_gpio.o
    0x08000376   0x08000376   0x00000012   Code   RO         1182    i.GPIO_ReadOutputDataBit  stm32f10x_gpio.o
    0x08000388   0x08000388   0x00000004   Code   RO         1183    i.GPIO_ResetBits    stm32f10x_gpio.o
    0x0800038c   0x0800038c   0x00000004   Code   RO         1184    i.GPIO_SetBits      stm32f10x_gpio.o
    0x08000390   0x08000390   0x00000010   Code   RO         1185    i.GPIO_StructInit   stm32f10x_gpio.o
    0x080003a0   0x080003a0   0x0000000c   Code   RO          165    i.Gpio_BitSet       gpio_driver.o
    0x080003ac   0x080003ac   0x00000042   Code   RO          166    i.Gpio_Init         gpio_driver.o
    0x080003ee   0x080003ee   0x00000002   PAD
    0x080003f0   0x080003f0   0x00000070   Code   RO          888    i.NVIC_Init         misc.o
    0x08000460   0x08000460   0x00000020   Code   RO         1298    i.RCC_APB1PeriphClockCmd  stm32f10x_rcc.o
    0x08000480   0x08000480   0x00000020   Code   RO         1299    i.RCC_APB1PeriphResetCmd  stm32f10x_rcc.o
    0x080004a0   0x080004a0   0x00000020   Code   RO         1300    i.RCC_APB2PeriphClockCmd  stm32f10x_rcc.o
    0x080004c0   0x080004c0   0x00000020   Code   RO         1301    i.RCC_APB2PeriphResetCmd  stm32f10x_rcc.o
    0x080004e0   0x080004e0   0x00000018   Code   RO         1512    i.SPI_CalculateCRC  stm32f10x_spi.o
    0x080004f8   0x080004f8   0x00000018   Code   RO         1513    i.SPI_Cmd           stm32f10x_spi.o
    0x08000510   0x08000510   0x00000058   Code   RO         1520    i.SPI_I2S_DeInit    stm32f10x_spi.o
    0x08000568   0x08000568   0x00000012   Code   RO         1521    i.SPI_I2S_GetFlagStatus  stm32f10x_spi.o
    0x0800057a   0x0800057a   0x00000006   Code   RO         1524    i.SPI_I2S_ReceiveData  stm32f10x_spi.o
    0x08000580   0x08000580   0x00000004   Code   RO         1525    i.SPI_I2S_SendData  stm32f10x_spi.o
    0x08000584   0x08000584   0x0000003c   Code   RO         1526    i.SPI_Init          stm32f10x_spi.o
    0x080005c0   0x080005c0   0x00000008   Code   RO         2231    i.SetSysClock       system_stm32f10x.o
    0x080005c8   0x080005c8   0x000000e0   Code   RO         2232    i.SetSysClockTo72   system_stm32f10x.o
    0x080006a8   0x080006a8   0x00000060   Code   RO         2234    i.SystemInit        system_stm32f10x.o
    0x08000708   0x08000708   0x00000024   Code   RO            5    i.TIM2_IRQHandler   main.o
    0x0800072c   0x0800072c   0x00000060   Code   RO            6    i.TIM3_IRQHandler   main.o
    0x0800078c   0x0800078c   0x00000020   Code   RO            7    i.TIM4_IRQHandler   main.o
    0x080007ac   0x080007ac   0x00000006   Code   RO         1675    i.TIM_ClearITPendingBit  stm32f10x_tim.o
    0x080007b2   0x080007b2   0x00000018   Code   RO         1680    i.TIM_Cmd           stm32f10x_tim.o
    0x080007ca   0x080007ca   0x00000022   Code   RO         1701    i.TIM_GetITStatus   stm32f10x_tim.o
    0x080007ec   0x080007ec   0x00000012   Code   RO         1705    i.TIM_ITConfig      stm32f10x_tim.o
    0x080007fe   0x080007fe   0x00000002   PAD
    0x08000800   0x08000800   0x000000a4   Code   RO         1714    i.TIM_OC2Init       stm32f10x_tim.o
    0x080008a4   0x080008a4   0x00000014   Code   RO         1727    i.TIM_OCStructInit  stm32f10x_tim.o
    0x080008b8   0x080008b8   0x00000004   Code   RO         1742    i.TIM_SetCompare2   stm32f10x_tim.o
    0x080008bc   0x080008bc   0x000000a4   Code   RO         1751    i.TIM_TimeBaseInit  stm32f10x_tim.o
    0x08000960   0x08000960   0x00000012   Code   RO         1752    i.TIM_TimeBaseStructInit  stm32f10x_tim.o
    0x08000972   0x08000972   0x00000002   PAD
    0x08000974   0x08000974   0x0000005c   Code   RO          615    i.card_power        sd_spi_stm32.o
    0x080009d0   0x080009d0   0x0000007c   Code   RO          228    i.check_fs          ff.o
    0x08000a4c   0x08000a4c   0x00000014   Code   RO          229    i.chk_chr           ff.o
    0x08000a60   0x08000a60   0x0000001c   Code   RO          616    i.chk_power         sd_spi_stm32.o
    0x08000a7c   0x08000a7c   0x0000001a   Code   RO          230    i.clst2sect         ff.o
    0x08000a96   0x08000a96   0x00000120   Code   RO          231    i.create_chain      ff.o
    0x08000bb6   0x08000bb6   0x00000002   PAD
    0x08000bb8   0x08000bb8   0x00000104   Code   RO          232    i.create_name       ff.o
    0x08000cbc   0x08000cbc   0x00000034   Code   RO          233    i.dbc_1st           ff.o
    0x08000cf0   0x08000cf0   0x00000048   Code   RO          234    i.dbc_2nd           ff.o
    0x08000d38   0x08000d38   0x00000060   Code   RO          235    i.dir_alloc         ff.o
    0x08000d98   0x08000d98   0x00000060   Code   RO          236    i.dir_clear         ff.o
    0x08000df8   0x08000df8   0x0000006c   Code   RO          237    i.dir_find          ff.o
    0x08000e64   0x08000e64   0x000000c6   Code   RO          238    i.dir_next          ff.o
    0x08000f2a   0x08000f2a   0x0000003c   Code   RO          240    i.dir_register      ff.o
    0x08000f66   0x08000f66   0x0000009a   Code   RO          242    i.dir_sdi           ff.o
    0x08001000   0x08001000   0x00000154   Code   RO          617    i.disk_initialize   sd_spi_stm32.o
    0x08001154   0x08001154   0x00000274   Code   RO          618    i.disk_ioctl        sd_spi_stm32.o
    0x080013c8   0x080013c8   0x00000090   Code   RO          619    i.disk_read         sd_spi_stm32.o
    0x08001458   0x08001458   0x00000014   Code   RO          620    i.disk_status       sd_spi_stm32.o
    0x0800146c   0x0800146c   0x00000084   Code   RO          621    i.disk_timerproc    sd_spi_stm32.o
    0x080014f0   0x080014f0   0x000000b4   Code   RO          622    i.disk_write        sd_spi_stm32.o
    0x080015a4   0x080015a4   0x00000022   Code   RO          243    i.f_close           ff.o
    0x080015c6   0x080015c6   0x00000002   PAD
    0x080015c8   0x080015c8   0x00000054   Code   RO          248    i.f_mount           ff.o
    0x0800161c   0x0800161c   0x000001e4   Code   RO          249    i.f_open            ff.o
    0x08001800   0x08001800   0x0000019c   Code   RO          251    i.f_read            ff.o
    0x0800199c   0x0800199c   0x000000a0   Code   RO          255    i.f_sync            ff.o
    0x08001a3c   0x08001a3c   0x0000030c   Code   RO          259    i.find_volume       ff.o
    0x08001d48   0x08001d48   0x0000009e   Code   RO          260    i.follow_path       ff.o
    0x08001de6   0x08001de6   0x000000e0   Code   RO          261    i.get_fat           ff.o
    0x08001ec6   0x08001ec6   0x00000002   PAD
    0x08001ec8   0x08001ec8   0x00000008   Code   RO          623    i.get_fattime       sd_spi_stm32.o
    0x08001ed0   0x08001ed0   0x0000004c   Code   RO          263    i.get_ldnumber      ff.o
    0x08001f1c   0x08001f1c   0x00000020   Code   RO          624    i.interface_speed   sd_spi_stm32.o
    0x08001f3c   0x08001f3c   0x00000026   Code   RO          264    i.ld_clust          ff.o
    0x08001f62   0x08001f62   0x00000018   Code   RO          265    i.ld_dword          ff.o
    0x08001f7a   0x08001f7a   0x0000000c   Code   RO          266    i.ld_word           ff.o
    0x08001f86   0x08001f86   0x00000002   PAD
    0x08001f88   0x08001f88   0x00000140   Code   RO           10    i.main              main.o
    0x080020c8   0x080020c8   0x00000024   Code   RO          267    i.mem_cmp           ff.o
    0x080020ec   0x080020ec   0x0000001a   Code   RO          268    i.mem_cpy           ff.o
    0x08002106   0x08002106   0x00000012   Code   RO          269    i.mem_set           ff.o
    0x08002118   0x08002118   0x00000034   Code   RO          270    i.move_window       ff.o
    0x0800214c   0x0800214c   0x00000070   Code   RO          625    i.power_off         sd_spi_stm32.o
    0x080021bc   0x080021bc   0x0000010c   Code   RO          626    i.power_on          sd_spi_stm32.o
    0x080022c8   0x080022c8   0x00000138   Code   RO          271    i.put_fat           ff.o
    0x08002400   0x08002400   0x000000bc   Code   RO           11    i.pwmtimer          main.o
    0x080024bc   0x080024bc   0x00000068   Code   RO          627    i.rcvr_datablock    sd_spi_stm32.o
    0x08002524   0x08002524   0x0000000a   Code   RO          628    i.rcvr_spi          sd_spi_stm32.o
    0x0800252e   0x0800252e   0x00000002   PAD
    0x08002530   0x08002530   0x00000018   Code   RO          629    i.release_spi       sd_spi_stm32.o
    0x08002548   0x08002548   0x0000009a   Code   RO          272    i.remove_chain      ff.o
    0x080025e2   0x080025e2   0x00000002   PAD
    0x080025e4   0x080025e4   0x00000094   Code   RO          630    i.send_cmd          sd_spi_stm32.o
    0x08002678   0x08002678   0x00000002   Code   RO          631    i.socket_cp_init    sd_spi_stm32.o
    0x0800267a   0x0800267a   0x00000002   Code   RO          632    i.socket_wp_init    sd_spi_stm32.o
    0x0800267c   0x0800267c   0x00000024   Code   RO          273    i.st_clust          ff.o
    0x080026a0   0x080026a0   0x00000018   Code   RO          274    i.st_dword          ff.o
    0x080026b8   0x080026b8   0x0000000c   Code   RO          275    i.st_word           ff.o
    0x080026c4   0x080026c4   0x00000028   Code   RO          633    i.stm32_spi_rw      sd_spi_stm32.o
    0x080026ec   0x080026ec   0x00000090   Code   RO          276    i.sync_fs           ff.o
    0x0800277c   0x0800277c   0x0000004a   Code   RO          277    i.sync_window       ff.o
    0x080027c6   0x080027c6   0x00000002   PAD
    0x080027c8   0x080027c8   0x00000070   Code   RO           13    i.timer             main.o
    0x08002838   0x08002838   0x0000003c   Code   RO          278    i.validate          ff.o
    0x08002874   0x08002874   0x00000028   Code   RO          634    i.wait_ready        sd_spi_stm32.o
    0x0800289c   0x0800289c   0x0000005e   Code   RO          635    i.xmit_datablock    sd_spi_stm32.o
    0x080028fa   0x080028fa   0x0000000a   Data   RO          279    .constdata          ff.o
    0x08002904   0x08002904   0x00000020   Data   RO         2435    Region$$Table       anon$$obj.o


    Execution Region ER_RW (Exec base: 0x20000000, Load base: 0x08002924, Size: 0x00000074, Max: 0xffffffff, ABSOLUTE)

    Exec Addr    Load Addr    Size         Type   Attr      Idx    E Section Name        Object

    0x20000000   0x08002924   0x00000041   Data   RW           15    .data               main.o
    0x20000041   0x08002965   0x00000003   PAD
    0x20000044   0x08002968   0x00000006   Data   RW          280    .data               ff.o
    0x2000004a   0x0800296e   0x00000002   PAD
    0x2000004c   0x08002970   0x00000014   Data   RW          636    .data               sd_spi_stm32.o
    0x20000060   0x08002984   0x00000014   Data   RW         2235    .data               system_stm32f10x.o


    Execution Region ER_ZI (Exec base: 0x20000074, Load base: 0x08002998, Size: 0x0000276c, Max: 0xffffffff, ABSOLUTE)

    Exec Addr    Load Addr    Size         Type   Attr      Idx    E Section Name        Object

    0x20000074        -       0x00002108   Zero   RW           14    .bss                main.o
    0x2000217c        -       0x00000060   Zero   RW         2309    .bss                c_w.l(libspace.o)
    0x200021dc   0x08002998   0x00000004   PAD
    0x200021e0        -       0x00000200   Zero   RW         2222    HEAP                startup_stm32f10x_md.o
    0x200023e0        -       0x00000400   Zero   RW         2221    STACK               startup_stm32f10x_md.o


==============================================================================

Image component sizes


      Code (inc. data)   RO Data    RW Data    ZI Data      Debug   Object Name

      4988         76         10          6          0      42891   ff.o
        78          0          0          0          0       1206   gpio_driver.o
       784        118          0         65       8456     261469   main.o
       112         12          0          0          0       1140   misc.o
      2448        166          0         20          0      13921   sd_spi_stm32.o
        64         26        236          0       1536        796   startup_stm32f10x_md.o
        30          0          0          0          0       3324   stm32f10x_adc.o
       320          0          0          0          0       4427   stm32f10x_gpio.o
       128         24          0          0          0       2420   stm32f10x_rcc.o
       224         12          0          0          0       5278   stm32f10x_spi.o
       452         52          0          0          0       6262   stm32f10x_tim.o
       328         28          0         20          0       2165   system_stm32f10x.o

    ----------------------------------------------------------------------
      9976        514        278        116       9992     345299   Object Totals
         0          0         32          0          0          0   (incl. Generated)
        20          0          0          5          0          0   (incl. Padding)

    ----------------------------------------------------------------------

      Code (inc. data)   RO Data    RW Data    ZI Data      Debug   Library Member Name

         8          0          0          0          0         68   __main.o
         0          0          0          0          0          0   __rtentry.o
        12          0          0          0          0          0   __rtentry2.o
         6          0          0          0          0          0   __rtentry4.o
        52          8          0          0          0          0   __scatter.o
        26          0          0          0          0          0   __scatter_copy.o
        28          0          0          0          0          0   __scatter_zi.o
        18          0          0          0          0         80   exit.o
         6          0          0          0          0        152   heapauxi.o
         0          0          0          0          0          0   indicate_semi.o
         2          0          0          0          0          0   libinit.o
         2          0          0          0          0          0   libinit2.o
         2          0          0          0          0          0   libshutdown.o
         2          0          0          0          0          0   libshutdown2.o
         8          4          0          0         96         68   libspace.o
         2          0          0          0          0          0   rtexit.o
        10          0          0          0          0          0   rtexit2.o
        12          4          0          0          0         68   sys_exit.o
        74          0          0          0          0         80   sys_stackheap_outer.o
         2          0          0          0          0         68   use_no_semi.o

    ----------------------------------------------------------------------
       278         16          0          0        100        584   Library Totals
         6          0          0          0          4          0   (incl. Padding)

    ----------------------------------------------------------------------

      Code (inc. data)   RO Data    RW Data    ZI Data      Debug   Library Name

       272         16          0          0         96        584   c_w.l

    ----------------------------------------------------------------------
       278         16          0          0        100        584   Library Totals

    ----------------------------------------------------------------------

==============================================================================


      Code (inc. data)   RO Data    RW Data    ZI Data      Debug   

     10254        530        278        116      10092     340887   Grand Totals
     10254        530        278        116      10092     340887   ELF Image Totals
     10254        530        278        116          0          0   ROM Totals

==============================================================================

    Total RO  Size (Code + RO Data)                10532 (  10.29kB)
    Total RW  Size (RW Data + ZI Data)             10208 (   9.97kB)
    Total ROM Size (Code + RO Data + RW Data)      10648 (  10.40kB)

==============================================================================

